8 14:48:50 ot_train.py:403 Start offline training on a fixed dataset, with effective batch size: 8
/home/ugrp43/miniconda3/envs/ugrp/lib/python3.10/site-packages/torchvision/io/_video_deprecation_warning.py:5: UserWarning: The video decoding
 and encoding capabilities of torchvision are deprecated from version 0.22 and will be removed in version 0.24. We recommend that you migrate
to TorchCodec, where we'll consolidate the future decoding/encoding capabilities of PyTorch: https://github.com/pytorch/torchcodec
  warnings.warn(
/home/ugrp43/miniconda3/envs/ugrp/lib/python3.10/site-packages/torchvision/io/_video_deprecation_warning.py:5: UserWarning: The video decoding
 and encoding capabilities of torchvision are deprecated from version 0.22 and will be removed in version 0.24. We recommend that you migrate
to TorchCodec, where we'll consolidate the future decoding/encoding capabilities of PyTorch: https://github.com/pytorch/torchcodec
  warnings.warn(
Training:   0%|▏                                                                        | 100/30000 [00:45<3:42:49,  2.24step/s]INFO 2026-07-2
8 14:49:36 ot_train.py:435 step:100 smpl:800 ep:2 epch:0.03 loss:0.270 grdn:2.551 lr:5.1e-06 updt_s:0.099 data_s:0.357
Training:   1%|▍                                                                        | 200/30000 [01:30<4:02:15,  2.05step/s]INFO 2026-07-2
8 14:50:20 ot_train.py:435 step:200 smpl:2K ep:3 epch:0.05 loss:0.133 grdn:1.460 lr:1.5e-05 updt_s:0.093 data_s:0.351
Training:   1%|▋                                                                        | 300/30000 [02:15<3:57:44,  2.08step/s]INFO 2026-07-2
8 14:51:05 ot_train.py:435 step:300 smpl:2K ep:5 epch:0.08 loss:0.102 grdn:1.214 lr:2.5e-05 updt_s:0.094 data_s:0.354
Training:   1%|▉                                                                        | 400/30000 [03:00<3:31:09,  2.34step/s]INFO 2026-07-2
8 14:51:50 ot_train.py:435 step:400 smpl:3K ep:6 epch:0.10 loss:0.080 grdn:1.045 lr:3.5e-05 updt_s:0.093 data_s:0.359
Training:   2%|█▏                                                                       | 500/30000 [03:45<4:01:34,  2.04step/s]INFO 2026-07-2
8 14:52:36 ot_train.py:435 step:500 smpl:4K ep:8 epch:0.13 loss:0.067 grdn:1.115 lr:4.5e-05 updt_s:0.094 data_s:0.360
Training:   2%|█▍                                                                       | 600/30000 [04:30<4:42:20,  1.74step/s]INFO 2026-07-2
8 14:53:21 ot_train.py:435 step:600 smpl:5K ep:9 epch:0.16 loss:0.065 grdn:1.100 lr:5.5e-05 updt_s:0.094 data_s:0.358
Training:   2%|█▋                                                                       | 700/30000 [05:16<3:24:59,  2.38step/s]INFO 2026-07-2
8 14:54:06 ot_train.py:435 step:700 smpl:6K ep:11 epch:0.18 loss:0.065 grdn:1.110 lr:6.5e-05 updt_s:0.093 data_s:0.356
Training:   3%|█▉                                                                       | 800/30000 [06:01<3:44:33,  2.17step/s]INFO 2026-07-2
8 14:54:51 ot_train.py:435 step:800 smpl:6K ep:13 epch:0.21 loss:0.067 grdn:1.158 lr:7.5e-05 updt_s:0.093 data_s:0.362
Training:   3%|██▏                                                                      | 900/30000 [06:46<3:40:21,  2.20step/s]INFO 2026-07-2
8 14:55:36 ot_train.py:435 step:900 smpl:7K ep:14 epch:0.24 loss:0.066 grdn:1.112 lr:8.5e-05 updt_s:0.093 data_s:0.351
Training:   3%|██▍                                                                     | 1000/30000 [07:29<3:52:58,  2.07step/s]INFO 2026-07-2
8 14:56:20 ot_train.py:435 step:1K smpl:8K ep:16 epch:0.26 loss:0.073 grdn:1.176 lr:9.5e-05 updt_s:0.094 data_s:0.342
Training:   4%|██▋                                                                     | 1100/30000 [08:15<3:49:14,  2.10step/s]INFO 2026-07-2
8 14:57:06 ot_train.py:435 step:1K smpl:9K ep:17 epch:0.29 loss:0.073 grdn:1.129 lr:1.0e-04 updt_s:0.094 data_s:0.364
Training:   4%|██▉                                                                     | 1199/30000 [09:00<3:48:04,  2.10step/s]INFO 2026-07-2
8 14:57:50 ot_train.py:435 step:1K smpl:10K ep:19 epch:0.31 loss:0.067 grdn:1.037 lr:1.0e-04 updt_s:0.094 data_s:0.355
Training:   4%|███                                                                     | 1300/30000 [09:45<3:26:24,  2.32step/s]INFO 2026-07-2
8 14:58:35 ot_train.py:435 step:1K smpl:10K ep:20 epch:0.34 loss:0.063 grdn:1.010 lr:1.0e-04 updt_s:0.094 data_s:0.349
Training:   5%|███▎                                                                    | 1399/30000 [10:30<3:30:10,  2.27step/s]INFO 2026-07-2
8 14:59:20 ot_train.py:435 step:1K smpl:11K ep:22 epch:0.37 loss:0.059 grdn:0.925 lr:1.0e-04 updt_s:0.094 data_s:0.357
Training:   5%|███▌                                                                    | 1500/30000 [11:16<3:49:48,  2.07step/s]INFO 2026-07-2
8 15:00:06 ot_train.py:435 step:2K smpl:12K ep:24 epch:0.39 loss:0.059 grdn:0.906 lr:9.9e-05 updt_s:0.094 data_s:0.365
Training:   5%|███▊                                                                    | 1600/30000 [12:02<2:48:14,  2.81step/s]INFO 2026-07-2
8 15:00:52 ot_train.py:435 step:2K smpl:13K ep:25 epch:0.42 loss:0.062 grdn:0.969 lr:9.9e-05 updt_s:0.093 data_s:0.364
Training:   6%|████                                                                    | 1700/30000 [12:47<4:05:57,  1.92step/s]INFO 2026-07-2
8 15:01:37 ot_train.py:435 step:2K smpl:14K ep:27 epch:0.45 loss:0.058 grdn:0.856 lr:9.9e-05 updt_s:0.094 data_s:0.359
Training:   6%|████▎                                                                   | 1800/30000 [13:32<3:42:25,  2.11step/s]INFO 2026-07-2
8 15:02:22 ot_train.py:435 step:2K smpl:14K ep:28 epch:0.47 loss:0.054 grdn:0.849 lr:9.9e-05 updt_s:0.093 data_s:0.356
Training:   6%|████▌                                                                   | 1900/30000 [14:16<3:49:21,  2.04step/s]INFO 2026-07-2
8 15:03:07 ot_train.py:435 step:2K smpl:15K ep:30 epch:0.50 loss:0.057 grdn:0.841 lr:9.9e-05 updt_s:0.093 data_s:0.351
Training:   6%|████▌                                                                   | 1907/30000 [14:19<3Training:   6%|████▌
                                                     | 1908/30000 [14:20<3Training:   6%|████▌
                   | 1909/30000 [14:20<3Training:   6%|████▌                                                                   | 1910/30000 [1
4:20<3Training:   6%|████▌                                                                   | 1911/30000 [14:21<3Training:   6%|████▌
                                                           | 1912/30000 [14:2Training:   6%|████▋
                      | 1936/30000 [14:3Training:   7%|████▊                                                                   | 1999/30000 [1
5:01<3:47:48,  2.05step/s]INFO 2026-07-28 15:03:52 ot_train.py:435 step:2K smpl:16K ep:31 epch:0.52 loss:0.054 grdn:0.792 lr:9.9e-05 updt_s:0.
094 data_s:0.355
Training:   7%|████▉                                                                   | 2073/30000 [15:36<3Training:   7%|████▉
                                                     | 2075/30000 [15:36<2Training:   7%|████▉
                   | 2076/30000 [15:37<2Training:   7%|████▉                                                                   | 2077/30000 [1
5:37<3Training:   7%|████▉                                                                   | 2078/30000 [15:37<2Training:   7%|████▉
                                                           | 2079/30000 [15:38<3Training:   7%|████▉
                         | 2080/30000 [15:38<3Training:   7%|████▉                                                                   | 2081/30
000 [15:39<3Training:   7%|████▉                                                                   | 2082/30000 [15:40<3Training:   7%|████▉
                                                                 | 2083/30000 [15:40<3Training:   7%|█████
                               | 2084/30000 [15:40<3Training:   7%|█████                                                                   | 2
085/30000 [15:41<3Training:   7%|█████                                                                   | 2086/30000 [15:41<3Training:   7%|█
████                                                                   | 2087/30000 [15:42<3Training:   7%|█████
                                     | 2088/30000 [15:42<3Training:   7%|█████                                     Training:   7%|█████
                                                            | 2100/30000 [15:47<2:48:47,  2.75step/s]INFO 2026-07-28 15:04:38 ot_train.py:435
step:2K smpl:17K ep:33 epch:0.55 loss:0.049 grdn:0.800 lr:9.9e-05 updt_s:0.094 data_s:0.365
Training:   7%|█████▎                                                                  | 2200/30000 [16:33<3:04:52,  2.51step/s]INFO 2026-07-2
8 15:05:24 ot_train.py:435 step:2K smpl:18K ep:35 epch:0.58 loss:0.050 grdn:0.807 lr:9.9e-05 updt_s:0.094 data_s:0.364
Training:   8%|█████▌                                                                  | 2300/30000 [17:18<3:16:01,  2.36step/s]INFO 2026-07-2
8 15:06:09 ot_train.py:435 step:2K smpl:18K ep:36 epch:0.60 loss:0.050 grdn:0.781 lr:9.9e-05 updt_s:0.093 data_s:0.357
Training:   8%|█████▊                                                                  | 2400/30000 [18:05<3:46:39,  2.03step/s]INFO 2026-07-2
8 15:06:55 ot_train.py:435 step:2K smpl:19K ep:38 epch:0.63 loss:0.049 grdn:0.772 lr:9.9e-05 updt_s:0.094 data_s:0.374
Training:   8%|██████                                                                  | 2500/30000 [18:49<3:40:10,  2.08step/s]INFO 2026-07-2
8 15:07:40 ot_train.py:435 step:2K smpl:20K ep:39 epch:0.65 loss:0.053 grdn:0.794 lr:9.8e-05 updt_s:0.094 data_s:0.347
Training:   9%|██████▏                                                                 | 2599/30000 [19:35<3:49:36,  1.99step/s]INFO 2026-07-2
8 15:08:25 ot_train.py:435 step:3K smpl:21K ep:41 epch:0.68 loss:0.047 grdn:0.741 lr:9.8e-05 updt_s:0.094 data_s:0.359
Training:   9%|██████▍                                                                 | 2700/30000 [20:19<3:46:38,  2.01step/s]INFO 2026-07-2
8 15:09:10 ot_train.py:435 step:3K smpl:22K ep:42 epch:0.71 loss:0.049 grdn:0.741 lr:9.8e-05 updt_s:0.094 data_s:0.352
Training:   9%|██████▋                                                                 | 2799/30000 [21:04<3:48:15,  1.99step/s]INFO 2026-07-2
8 15:09:55 ot_train.py:435 step:3K smpl:22K ep:44 epch:0.73 loss:0.047 grdn:0.742 lr:9.8e-05 updt_s:0.094 data_s:0.357
Training:  10%|██████▉                                                                 | 2899/30000 [21:51<3:45:04,  2.01step/s]INFO 2026-07-2
8 15:10:42 ot_train.py:435 step:3K smpl:23K ep:46 epch:0.76 loss:0.046 grdn:0.702 lr:9.8e-05 updt_s:0.093 data_s:0.374
Training:  10%|███████▏                                                                | 3000/30000 [22:36<3:18:04,  2.27step/s]INFO 2026-07-2
8 15:11:26 ot_train.py:435 step:3K smpl:24K ep:47 epch:0.79 loss:0.047 grdn:0.725 lr:9.8e-05 updt_s:0.094 data_s:0.351
Training:  10%|███████▍                                                                | 3099/30000 [23:21<3:47:22,  1.97step/s]INFO 2026-07-2
8 15:12:12 ot_train.py:435 step:3K smpl:25K ep:49 epch:0.81 loss:0.043 grdn:0.731 lr:9.8e-05 updt_s:0.094 data_s:0.363
Training:  11%|███████▋                                                                | 3200/30000 [24:05<3:00:13,  2.48step/s]INFO 2026-07-2
8 15:12:55 ot_train.py:435 step:3K smpl:26K ep:50 epch:0.84 loss:0.045 grdn:0.702 lr:9.7e-05 updt_s:0.093 data_s:0.338
Training:  11%|███████▉                                                                | 3300/30000 [24:50<2:48:42,  2.64step/s]INFO 2026-07-2
8 15:13:41 ot_train.py:435 step:3K smpl:26K ep:52 epch:0.86 loss:0.043 grdn:0.678 lr:9.7e-05 updt_s:0.094 data_s:0.359
Training:  11%|████████▏                                                               | 3400/30000 [25:36<3:53:56,  1.90step/s]INFO 2026-07-2
8 15:14:26 ot_train.py:435 step:3K smpl:27K ep:53 epch:0.89 loss:0.041 grdn:0.667 lr:9.7e-05 updt_s:0.093 data_s:0.358
Training:  12%|████████▍                                                               | 3500/30000 [26:20<3:33:41,  2.07step/s]INFO 2026-07-2
8 15:15:10 ot_train.py:435 step:4K smpl:28K ep:55 epch:0.92 loss:0.040 grdn:0.650 lr:9.7e-05 updt_s:0.094 data_s:0.349
Training:  12%|████████▋                                                               | 3600/30000 [27:04<2:55:34,  2.51step/s]INFO 2026-07-2
8 15:15:55 ot_train.py:435 step:4K smpl:29K ep:57 epch:0.94 loss:0.042 grdn:0.688 lr:9.7e-05 updt_s:0.094 data_s:0.352
Training:  12%|████████▉                                                               | 3700/30000 [27:49<2:58:03,  2.46step/s]INFO 2026-07-2
8 15:16:39 ot_train.py:435 step:4K smpl:30K ep:58 epch:0.97 loss:0.040 grdn:0.651 lr:9.6e-05 updt_s:0.094 data_s:0.347
Training:  13%|█████████                                                               | 3799/30000 [28:34<2:59:36,  2.43step/s]INFO 2026-07-2
8 15:17:24 ot_train.py:435 step:4K smpl:30K ep:60 epch:1.00 loss:0.039 grdn:0.655 lr:9.6e-05 updt_s:0.094 data_s:0.359
Training:  13%|█████████▏                                                              | 3819/30000 [28:43<2:40:29,  2.72step/s]/home/ugrp43/m
iniconda3/envs/ugrp/lib/python3.10/site-packages/torchvision/io/_video_deprecation_warning.py:5: UserWarning: The video decoding and encoding
capabilities of torchvision are deprecated from version 0.22 and will be removed in version 0.24. We recommend that you migrate to TorchCodec,
 where we'll consolidate the future decoding/encoding capabilities of PyTorch: https://github.com/pytorch/torchcodec
  warnings.warn(
/home/ugrp43/miniconda3/envs/ugrp/lib/python3.10/site-packages/torchvision/io/_video_deprecation_warning.py:5: UserWarning: The video decoding
 and encoding capabilities of torchvision are deprecated from version 0.22 and will be removed in version 0.24. We recommend that you migrate
to TorchCodec, where we'll consolidate the future decoding/encoding capabilities of PyTorch: https://github.com/pytorch/torchcodec
  warnings.warn(
Training:  13%|█████████▎                                                              | 3900/30000 [29:23<3:25:33,  2.12step/s]INFO 2026-07-2
8 15:18:13 ot_train.py:435 step:4K smpl:31K ep:61 epch:1.02 loss:0.037 grdn:0.619 lr:9.6e-05 updt_s:0.094 data_s:0.397
Training:  13%|█████████▌                                                              | 4000/30000 [30:11<3:30:56,  2.05step/s]INFO 2026-07-2
8 15:19:01 ot_train.py:435 step:4K smpl:32K ep:63 epch:1.05 loss:0.039 grdn:0.625 lr:9.6e-05 updt_s:0.094 data_s:0.381
Training:  14%|█████████▊                                                              | 4100/30000 [30:58<3:43:02,  1.94step/s]INFO 2026-07-2
8 15:19:48 ot_train.py:435 step:4K smpl:33K ep:64 epch:1.07 loss:0.037 grdn:0.636 lr:9.6e-05 updt_s:0.093 data_s:0.378
Training:  14%|██████████                                                              | 4200/30000 [31:48<3:28:05,  2.07step/s]INFO 2026-07-2
8 15:20:38 ot_train.py:435 step:4K smpl:34K ep:66 epch:1.10 loss:0.037 grdn:0.612 lr:9.5e-05 updt_s:0.093 data_s:0.403
Training:  14%|██████████▎                                                             | 4300/30000 [32:36<3:42:37,  1.92step/s]INFO 2026-07-2
8 15:21:26 ot_train.py:435 step:4K smpl:34K ep:68 epch:1.13 loss:0.038 grdn:0.651 lr:9.5e-05 updt_s:0.093 data_s:0.389
Training:  15%|██████████▌                                                             | 4400/30000 [33:26<3:04:57,  2.31step/s]INFO 2026-07-2
8 15:22:16 ot_train.py:435 step:4K smpl:35K ep:69 epch:1.15 loss:0.037 grdn:0.587 lr:9.5e-05 updt_s:0.093 data_s:0.404
Training:  15%|██████████▊                                                             | 4500/30000 [34:15<3:00:47,  2.35step/s]INFO 2026-07-2
8 15:23:05 ot_train.py:435 step:4K smpl:36K ep:71 epch:1.18 loss:0.034 grdn:0.575 lr:9.5e-05 updt_s:0.094 data_s:0.395
Training:  15%|███████████                                                             | 4600/30000 [35:05<3:45:14,  1.88step/s]INFO 2026-07-2
8 15:23:55 ot_train.py:435 step:5K smpl:37K ep:72 epch:1.20 loss:0.039 grdn:0.652 lr:9.5e-05 updt_s:0.093 data_s:0.409
Training:  16%|███████████▎                                                            | 4700/30000 [35:54<3:26:58,  2.04step/s]INFO 2026-07-2
8 15:24:44 ot_train.py:435 step:5K smpl:38K ep:74 epch:1.23 loss:0.034 grdn:0.578 lr:9.4e-05 updt_s:0.093 data_s:0.395
Training:  16%|███████████▌                                                            | 4800/30000 [36:43<3:36:37,  1.94step/s]INFO 2026-07-2
8 15:25:33 ot_train.py:435 step:5K smpl:38K ep:75 epch:1.26 loss:0.035 grdn:0.603 lr:9.4e-05 updt_s:0.093 data_s:0.398
Training:  16%|███████████▊                                                            | 4900/30000 [37:31<3:24:02,  2.05step/s]INFO 2026-07-2
8 15:26:22 ot_train.py:435 step:5K smpl:39K ep:77 epch:1.28 loss:0.035 grdn:0.595 lr:9.4e-05 updt_s:0.093 data_s:0.390
Training:  17%|████████████                                                            | 5000/30000 [38:21<3:04:39,  2.26step/s]INFO 2026-07-2
8 15:27:11 ot_train.py:435 step:5K smpl:40K ep:79 epch:1.31 loss:0.037 grdn:0.618 lr:9.4e-05 updt_s:0.093 data_s:0.403
INFO 2026-07-28 15:27:11 ot_train.py:455 Checkpoint policy after step 5000
Training:  17%|████████████▏                                                           | 5100/30000 [39:11<3:10:40,  2.18step/s]INFO 2026-07-2
8 15:28:01 ot_train.py:435 step:5K smpl:41K ep:80 epch:1.34 loss:0.034 grdn:0.586 lr:9.3e-05 updt_s:0.093 data_s:0.394
Training:  17%|████████████▍                                                           | 5200/30000 [39:57<3:15:59,  2.11step/s]INFO 2026-07-2
8 15:28:48 ot_train.py:435 step:5K smpl:42K ep:82 epch:1.36 loss:0.035 grdn:0.580 lr:9.3e-05 updt_s:0.093 data_s:0.371
Training:  18%|████████████▋                                                           | 5300/30000 [40:45<3:10:06,  2.17step/s]INFO 2026-07-2
8 15:29:35 ot_train.py:435 step:5K smpl:42K ep:83 epch:1.39 loss:0.034 grdn:0.580 lr:9.3e-05 updt_s:0.093 data_s:0.381
Training:  18%|████████████▉                                                           | 5400/30000 [41:34<3:36:04,  1.90step/s]INFO 2026-07-2
8 15:30:24 ot_train.py:435 step:5K smpl:43K ep:85 epch:1.41 loss:0.035 grdn:0.559 lr:9.3e-05 updt_s:0.093 data_s:0.396
Training:  18%|█████████████▏                                                          | 5500/30000 [42:24<3:31:49,  1.93step/s]INFO 2026-07-2
8 15:31:15 ot_train.py:435 step:6K smpl:44K ep:86 epch:1.44 loss:0.033 grdn:0.588 lr:9.2e-05 updt_s:0.093 data_s:0.411
Training:  19%|█████████████▍                                                          | 5600/30000 [43:12<3:21:45,  2.02step/s]INFO 2026-07-2
8 15:32:03 ot_train.py:435 step:6K smpl:45K ep:88 epch:1.47 loss:0.035 grdn:0.557 lr:9.2e-05 updt_s:0.093 data_s:0.386
Training:  19%|█████████████▋                                                          | 5700/30000 [44:02<3:20:56,  2.02step/s]INFO 2026-07-2
8 15:32:52 ot_train.py:435 step:6K smpl:46K ep:90 epch:1.49 loss:0.033 grdn:0.537 lr:9.2e-05 updt_s:0.093 data_s:0.401
Training:  19%|█████████████▉                                                          | 5800/30000 [44:50<3:16:50,  2.05step/s]INFO 2026-07-2
8 15:33:41 ot_train.py:435 step:6K smpl:46K ep:91 epch:1.52 loss:0.034 grdn:0.566 lr:9.1e-05 updt_s:0.094 data_s:0.391
Training:  20%|██████████████▏                                                         | 5900/30000 [45:38<2:45:06,  2.43step/s]INFO 2026-07-2
8 15:34:28 ot_train.py:435 step:6K smpl:47K ep:93 epch:1.55 loss:0.033 grdn:0.560 lr:9.1e-05 updt_s:0.093 data_s:0.381
Training:  20%|██████████████▍                                                         | 6000/30000 [46:27<3:24:59,  1.95step/s]INFO 2026-07-2
8 15:35:17 ot_train.py:435 step:6K smpl:48K ep:94 epch:1.57 loss:0.033 grdn:0.561 lr:9.1e-05 updt_s:0.093 data_s:0.396
Training:  20%|██████████████▋                                                         | 6100/30000 [47:14<3:28:58,  1.91step/s]INFO 2026-07-2
8 15:36:05 ot_train.py:435 step:6K smpl:49K ep:96 epch:1.60 loss:0.032 grdn:0.574 lr:9.1e-05 updt_s:0.093 data_s:0.383
Training:  21%|██████████████▉                                                         | 6200/30000 [48:02<3:43:35,  1.77step/s]INFO 2026-07-2
8 15:36:52 ot_train.py:435 step:6K smpl:50K ep:97 epch:1.62 loss:0.030 grdn:0.525 lr:9.0e-05 updt_s:0.094 data_s:0.380
Training:  21%|███████████████                                                         | 6300/30000 [48:48<3:29:46,  1.88step/s]INFO 2026-07-2
8 15:37:39 ot_train.py:435 step:6K smpl:50K ep:99 epch:1.65 loss:0.032 grdn:0.548 lr:9.0e-05 updt_s:0.094 data_s:0.372
Training:  21%|███████████████▎                                                        | 6400/30000 [49:37<2:54:43,  2.25step/s]INFO 2026-07-2
8 15:38:27 ot_train.py:435 step:6K smpl:51K ep:101 epch:1.68 loss:0.031 grdn:0.545 lr:9.0e-05 updt_s:0.093 data_s:0.393
Training:  22%|███████████████▌                                                        | 6500/30000 [50:27<3:29:16,  1.87step/s]INFO 2026-07-2
8 15:39:17 ot_train.py:435 step:6K smpl:52K ep:102 epch:1.70 loss:0.030 grdn:0.574 lr:8.9e-05 updt_s:0.093 data_s:0.407
Training:  22%|███████████████▊                                                        | 6600/30000 [51:14<3:16:00,  1.99step/s]INFO 2026-07-2
8 15:40:04 ot_train.py:435 step:7K smpl:53K ep:104 epch:1.73 loss:0.033 grdn:0.543 lr:8.9e-05 updt_s:0.094 data_s:0.375
Training:  22%|████████████████                                                        | 6700/30000 [52:03<3:25:50,  1.89step/s]INFO 2026-07-2
8 15:40:53 ot_train.py:435 step:7K smpl:54K ep:105 epch:1.75 loss:0.030 grdn:0.525 lr:8.9e-05 updt_s:0.093 data_s:0.395
Training:  23%|████████████████▎                                                       | 6800/30000 [52:52<3:19:31,  1.94step/s]INFO 2026-07-2
8 15:41:42 ot_train.py:435 step:7K smpl:54K ep:107 epch:1.78 loss:0.030 grdn:0.536 lr:8.8e-05 updt_s:0.093 data_s:0.392
Training:  23%|████████████████▌                                                       | 6900/30000 [53:41<3:18:47,  1.94step/s]INFO 2026-07-2
8 15:42:32 ot_train.py:435 step:7K smpl:55K ep:108 epch:1.81 loss:0.032 grdn:0.548 lr:8.8e-05 updt_s:0.093 data_s:0.403
Training:  23%|████████████████▊                                                       | 7000/30000 [54:31<3:07:00,  2.05step/s]INFO 2026-07-2
8 15:43:21 ot_train.py:435 step:7K smpl:56K ep:110 epch:1.83 loss:0.030 grdn:0.535 lr:8.8e-05 updt_s:0.093 data_s:0.403
Training:  24%|█████████████████                                                       | 7100/30000 [55:20<3:03:11,  2.08step/s]INFO 2026-07-2
8 15:44:10 ot_train.py:435 step:7K smpl:57K ep:112 epch:1.86 loss:0.029 grdn:0.496 lr:8.7e-05 updt_s:0.093 data_s:0.393
Training:  24%|█████████████████▎                                                      | 7200/30000 [56:07<2:49:31,  2.24step/s]INFO 2026-07-2
8 15:44:58 ot_train.py:435 step:7K smpl:58K ep:113 epch:1.89 loss:0.031 grdn:0.506 lr:8.7e-05 updt_s:0.093 data_s:0.382
Training:  24%|█████████████████▌                                                      | 7300/30000 [56:55<2:36:18,  2.42step/s]INFO 2026-07-2
8 15:45:45 ot_train.py:435 step:7K smpl:58K ep:115 epch:1.91 loss:0.032 grdn:0.516 lr:8.7e-05 updt_s:0.093 data_s:0.384
Training:  25%|█████████████████▊                                                      | 7400/30000 [57:44<3:03:34,  2.05step/s]INFO 2026-07-2
8 15:46:35 ot_train.py:435 step:7K smpl:59K ep:116 epch:1.94 loss:0.031 grdn:0.523 lr:8.6e-05 updt_s:0.095 data_s:0.397
Training:  25%|██████████████████                                                      | 7500/30000 [58:33<2:51:55,  2.18step/s]INFO 2026-07-2
8 15:47:23 ot_train.py:435 step:8K smpl:60K ep:118 epch:1.96 loss:0.028 grdn:0.505 lr:8.6e-05 updt_s:0.093 data_s:0.395
Training:  25%|██████████████████▏                                                     | 7600/30000 [59:21<2:59:58,  2.07step/s]INFO 2026-07-2
8 15:48:11 ot_train.py:435 step:8K smpl:61K ep:119 epch:1.99 loss:0.029 grdn:0.504 lr:8.6e-05 updt_s:0.093 data_s:0.385
Training:  25%|██████████████████▎                                                     | 7638/30000 [59:37<1:42:29,  3.64step/s]/home/ugrp43/m
iniconda3/envs/ugrp/lib/python3.10/site-packages/torchvision/io/_video_deprecation_warning.py:5: UserWarning: The video decoding and encoding
capabilities of torchvision are deprecated from version 0.22 and will be removed in version 0.24. We recommend that you migrate to TorchCodec,
 where we'll consolidate the future decoding/encoding capabilities of PyTorch: https://github.com/pytorch/torchcodec
  warnings.warn(
/home/ugrp43/miniconda3/envs/ugrp/lib/python3.10/site-packages/torchvision/io/_video_deprecation_warning.py:5: UserWarning: The video decoding
 and encoding capabilities of torchvision are deprecated from version 0.22 and will be removed in version 0.24. We recommend that you migrate
to TorchCodec, where we'll consolidate the future decoding/encoding capabilities of PyTorch: https://github.com/pytorch/torchcodec
  warnings.warn(
Training:  26%|█████████████████▉                                                    | 7700/30000 [1:00:08<3:05:39,  2.00step/s]INFO 2026-07-2
8 15:48:59 ot_train.py:435 step:8K smpl:62K ep:121 epch:2.02 loss:0.027 grdn:0.477 lr:8.5e-05 updt_s:0.093 data_s:0.381
Training:  26%|██████████████████▏                                                   | 7799/30000 [1:00:56<3:14:59,  1.90step/s]INFO 2026-07-2
8 15:49:46 ot_train.py:435 step:8K smpl:62K ep:123 epch:2.04 loss:0.031 grdn:0.522 lr:8.5e-05 updt_s:0.094 data_s:0.383
Training:  26%|██████████████████▍                                                   | 7900/30000 [1:01:45<3:03:06,  2.01step/s]INFO 2026-07-2
8 15:50:35 ot_train.py:435 step:8K smpl:63K ep:124 epch:2.07 loss:0.028 grdn:0.475 lr:8.4e-05 updt_s:0.093 data_s:0.396
Training:  27%|██████████████████▋                                                   | 8000/30000 [1:02:35<3:17:06,  1.86step/s]INFO 2026-07-2
8 15:51:25 ot_train.py:435 step:8K smpl:64K ep:126 epch:2.10 loss:0.025 grdn:0.484 lr:8.4e-05 updt_s:0.094 data_s:0.400
Training:  27%|██████████████████▉                                                   | 8100/30000 [1:03:24<3:00:18,  2.02step/s]INFO 2026-07-2
8 15:52:14 ot_train.py:435 step:8K smpl:65K ep:127 epch:2.12 loss:0.027 grdn:0.469 lr:8.4e-05 updt_s:0.094 data_s:0.397
Training:  27%|███████████████████▏                                                  | 8200/30000 [1:04:14<2:42:21,  2.24step/s]INFO 2026-07-2
8 15:53:04 ot_train.py:435 step:8K smpl:66K ep:129 epch:2.15 loss:0.028 grdn:0.492 lr:8.3e-05 updt_s:0.093 data_s:0.404
Training:  28%|███████████████████▎                                                  | 8300/30000 [1:05:03<3:21:26,  1.80step/s]INFO 2026-07-2
8 15:53:54 ot_train.py:435 step:8K smpl:66K ep:130 epch:2.17 loss:0.026 grdn:0.481 lr:8.3e-05 updt_s:0.093 data_s:0.402
Training:  28%|███████████████████▌                                                  | 8400/30000 [1:05:51<3:28:37,  1.73step/s]INFO 2026-07-2
8 15:54:41 ot_train.py:435 step:8K smpl:67K ep:132 epch:2.20 loss:0.025 grdn:0.465 lr:8.3e-05 updt_s:0.093 data_s:0.385
Training:  28%|███████████████████▊                                                  | 8500/30000 [1:06:42<2:56:01,  2.04step/s]INFO 2026-07-2
8 15:55:32 ot_train.py:435 step:8K smpl:68K ep:134 epch:2.23 loss:0.026 grdn:0.484 lr:8.2e-05 updt_s:0.093 data_s:0.410
Training:  29%|████████████████████                                                  | 8600/30000 [1:07:31<2:28:30,  2.40step/s]INFO 2026-07-2
8 15:56:21 ot_train.py:435 step:9K smpl:69K ep:135 epch:2.25 loss:0.026 grdn:0.467 lr:8.2e-05 updt_s:0.093 data_s:0.396
Training:  29%|████████████████████▎                                                 | 8699/30000 [1:08:20<3:00:42,  1.96step/s]INFO 2026-07-2
8 15:57:11 ot_train.py:435 step:9K smpl:70K ep:137 epch:2.28 loss:0.026 grdn:0.458 lr:8.1e-05 updt_s:0.093 data_s:0.405
Training:  29%|████████████████████▌                                                 | 8800/30000 [1:09:09<2:52:57,  2.04step/s]INFO 2026-07-2
8 15:57:59 ot_train.py:435 step:9K smpl:70K ep:138 epch:2.30 loss:0.025 grdn:0.467 lr:8.1e-05 updt_s:0.093 data_s:0.387
Training:  30%|████████████████████▊                                                 | 8899/30000 [1:09:57<3:18:36,  1.77step/s]INFO 2026-07-2
8 15:58:48 ot_train.py:435 step:9K smpl:71K ep:140 epch:2.33 loss:0.023 grdn:0.424 lr:8.1e-05 updt_s:0.093 data_s:0.394
Training:  30%|████████████████████▉                                                 | 8999/30000 [1:10:46<3:05:24,  1.89step/s]INFO 2026-07-2
8 15:59:36 ot_train.py:435 step:9K smpl:72K ep:141 epch:2.36 loss:0.027 grdn:0.480 lr:8.0e-05 updt_s:0.094 data_s:0.389
Training:  30%|█████████████████████▏                                                | 9100/30000 [1:11:36<3:11:22,  1.82step/s]INFO 2026-07-2
8 16:00:26 ot_train.py:435 step:9K smpl:73K ep:143 epch:2.38 loss:0.025 grdn:0.465 lr:8.0e-05 updt_s:0.093 data_s:0.407
Training:  31%|█████████████████████▍                                                | 9200/30000 [1:12:25<2:54:22,  1.99step/s]INFO 2026-07-2
8 16:01:15 ot_train.py:435 step:9K smpl:74K ep:145 epch:2.41 loss:0.023 grdn:0.439 lr:7.9e-05 updt_s:0.093 data_s:0.394
Training:  31%|█████████████████████▋                                                | 9300/30000 [1:13:13<2:37:56,  2.18step/s]INFO 2026-07-2
8 16:02:03 ot_train.py:435 step:9K smpl:74K ep:146 epch:2.44 loss:0.024 grdn:0.442 lr:7.9e-05 updt_s:0.093 data_s:0.392
Training:  31%|█████████████████████▉                                                | 9400/30000 [1:14:02<2:33:24,  2.24step/s]INFO 2026-07-2
8 16:02:53 ot_train.py:435 step:9K smpl:75K ep:148 epch:2.46 loss:0.024 grdn:0.447 lr:7.8e-05 updt_s:0.093 data_s:0.398
Training:  32%|██████████████████████▏                                               | 9500/30000 [1:14:52<2:46:27,  2.05step/s]INFO 2026-07-2
8 16:03:42 ot_train.py:435 step:10K smpl:76K ep:149 epch:2.49 loss:0.025 grdn:0.470 lr:7.8e-05 updt_s:0.093 data_s:0.402
Training:  32%|██████████████████████▍                                               | 9600/30000 [1:15:39<3:02:21,  1.86step/s]INFO 2026-07-2
8 16:04:30 ot_train.py:435 step:10K smpl:77K ep:151 epch:2.51 loss:0.026 grdn:0.457 lr:7.8e-05 updt_s:0.094 data_s:0.381
Training:  32%|██████████████████████▋                                               | 9700/30000 [1:16:29<2:45:08,  2.05step/s]INFO 2026-07-2
8 16:05:19 ot_train.py:435 step:10K smpl:78K ep:152 epch:2.54 loss:0.027 grdn:0.478 lr:7.7e-05 updt_s:0.094 data_s:0.399
Training:  33%|██████████████████████▊                                               | 9799/30000 [1:17:18<2:45:52,  2.03step/s]INFO 2026-07-2
8 16:06:09 ot_train.py:435 step:10K smpl:78K ep:154 epch:2.57 loss:0.025 grdn:0.477 lr:7.7e-05 updt_s:0.093 data_s:0.401
Training:  33%|███████████████████████                                               | 9899/30000 [1:18:06<2:56:20,  1.90step/s]INFO 2026-07-2
8 16:06:57 ot_train.py:435 step:10K smpl:79K ep:156 epch:2.59 loss:0.024 grdn:0.448 lr:7.6e-05 updt_s:0.093 data_s:0.385
Training:  33%|███████████████████████▎                                              | 9999/30000 [1:18:55<3:10:37,  1.75step/s]INFO 2026-07-2
8 16:07:46 ot_train.py:435 step:10K smpl:80K ep:157 epch:2.62 loss:0.025 grdn:0.449 lr:7.6e-05 updt_s:0.094 data_s:0.399
INFO 2026-07-28 16:07:46 ot_train.py:455 Checkpoint policy after step 10000
Training:  34%|███████████████████████▏                                             | 10100/30000 [1:19:45<2:55:14,  1.89step/s]INFO 2026-07-2
8 16:08:36 ot_train.py:435 step:10K smpl:81K ep:159 epch:2.65 loss:0.022 grdn:0.421 lr:7.5e-05 updt_s:0.093 data_s:0.390
Training:  34%|███████████████████████▍                                             | 10200/30000 [1:20:36<3:06:54,  1.77step/s]INFO 2026-07-2
8 16:09:27 ot_train.py:435 step:10K smpl:82K ep:160 epch:2.67 loss:0.024 grdn:0.463 lr:7.5e-05 updt_s:0.093 data_s:0.419
Training:  34%|███████████████████████▋                                             | 10300/30000 [1:21:24<3:11:34,  1.71step/s]INFO 2026-07-2
8 16:10:14 ot_train.py:435 step:10K smpl:82K ep:162 epch:2.70 loss:0.024 grdn:0.427 lr:7.5e-05 updt_s:0.094 data_s:0.379
Training:  35%|███████████████████████▉                                             | 10399/30000 [1:22:13<2:42:00,  2.02step/s]INFO 2026-07-2
8 16:11:04 ot_train.py:435 step:10K smpl:83K ep:163 epch:2.72 loss:0.022 grdn:0.459 lr:7.4e-05 updt_s:0.093 data_s:0.399
Training:  35%|████████████████████████▏                                            | 10500/30000 [1:23:02<2:48:07,  1.93step/s]INFO 2026-07-2
8 16:11:53 ot_train.py:435 step:10K smpl:84K ep:165 epch:2.75 loss:0.024 grdn:0.437 lr:7.4e-05 updt_s:0.093 data_s:0.398
Training:  35%|████████████████████████▍                                            | 10599/30000 [1:23:51<2:46:36,  1.94step/s]INFO 2026-07-2
8 16:12:41 ot_train.py:435 step:11K smpl:85K ep:167 epch:2.78 loss:0.025 grdn:0.435 lr:7.3e-05 updt_s:0.093 data_s:0.393
Training:  36%|████████████████████████▌                                            | 10699/30000 [1:24:39<2:41:43,  1.99step/s]INFO 2026-07-2
8 16:13:29 ot_train.py:435 step:11K smpl:86K ep:168 epch:2.80 loss:0.022 grdn:0.420 lr:7.3e-05 updt_s:0.094 data_s:0.387
Training:  36%|████████████████████████▊                                            | 10800/30000 [1:25:28<3:05:30,  1.72step/s]INFO 2026-07-2
8 16:14:18 ot_train.py:435 step:11K smpl:86K ep:170 epch:2.83 loss:0.021 grdn:0.404 lr:7.2e-05 updt_s:0.093 data_s:0.395
Training:  36%|█████████████████████████                                            | 10900/30000 [1:26:16<2:39:23,  2.00step/s]INFO 2026-07-2
8 16:15:07 ot_train.py:435 step:11K smpl:87K ep:171 epch:2.85 loss:0.024 grdn:0.456 lr:7.2e-05 updt_s:0.093 data_s:0.389
Training:  37%|█████████████████████████▎                                           | 11000/30000 [1:27:05<2:21:04,  2.24step/s]INFO 2026-07-2
8 16:15:55 ot_train.py:435 step:11K smpl:88K ep:173 epch:2.88 loss:0.023 grdn:0.423 lr:7.1e-05 updt_s:0.094 data_s:0.387
Training:  37%|█████████████████████████▌                                           | 11100/30000 [1:27:55<2:41:35,  1.95step/s]INFO 2026-07-2
8 16:16:45 ot_train.py:435 step:11K smpl:89K ep:174 epch:2.91 loss:0.025 grdn:0.447 lr:7.1e-05 updt_s:0.093 data_s:0.408
Training:  37%|█████████████████████████▊                                           | 11200/30000 [1:28:44<2:29:07,  2.10step/s]INFO 2026-07-2
8 16:17:34 ot_train.py:435 step:11K smpl:90K ep:176 epch:2.93 loss:0.022 grdn:0.425 lr:7.0e-05 updt_s:0.093 data_s:0.396
Training:  38%|█████████████████████████▉                                           | 11300/30000 [1:29:32<2:39:01,  1.96step/s]INFO 2026-07-2
8 16:18:22 ot_train.py:435 step:11K smpl:90K ep:178 epch:2.96 loss:0.021 grdn:0.392 lr:7.0e-05 updt_s:0.093 data_s:0.385
Training:  38%|██████████████████████████▏                                          | 11400/30000 [1:30:23<2:36:31,  1.98step/s]INFO 2026-07-2
8 16:19:13 ot_train.py:435 step:11K smpl:91K ep:179 epch:2.99 loss:0.023 grdn:0.416 lr:6.9e-05 updt_s:0.093 data_s:0.417
Training:  38%|██████████████████████████▎                                          | 11457/30000 [1:30:49<1:36:55,  3.19step/s]/home/ugrp43/m
iniconda3/envs/ugrp/lib/python3.10/site-packages/torchvision/io/_video_deprecation_warning.py:5: UserWarning: The video decoding and encoding
capabilities of torchvision are deprecated from version 0.22 and will be removed in version 0.24. We recommend that you migrate to TorchCodec,
 where we'll consolidate the future decoding/encoding capabilities of PyTorch: https://github.com/pytorch/torchcodec
  warnings.warn(
/home/ugrp43/miniconda3/envs/ugrp/lib/python3.10/site-packages/torchvision/io/_video_deprecation_warning.py:5: UserWarning: The video decoding
 and encoding capabilities of torchvision are deprecated from version 0.22 and will be removed in version 0.24. We recommend that you migrate
to TorchCodec, where we'll consolidate the future decoding/encoding capabilities of PyTorch: https://github.com/pytorch/torchcodec
  warnings.warn(
Training:  38%|██████████████████████████▍                                          | 11499/30000 [1:31:10<2:45:15,  1.87step/s]INFO 2026-07-2
8 16:20:01 ot_train.py:435 step:12K smpl:92K ep:181 epch:3.01 loss:0.023 grdn:0.421 lr:6.9e-05 updt_s:0.093 data_s:0.381
Training:  39%|██████████████████████████▋                                          | 11600/30000 [1:31:58<2:31:32,  2.02step/s]INFO 2026-07-2
8 16:20:49 ot_train.py:435 step:12K smpl:93K ep:182 epch:3.04 loss:0.020 grdn:0.394 lr:6.8e-05 updt_s:0.093 data_s:0.388
Training:  39%|██████████████████████████▉                                          | 11700/30000 [1:32:48<2:42:02,  1.88step/s]INFO 2026-07-2
8 16:21:38 ot_train.py:435 step:12K smpl:94K ep:184 epch:3.06 loss:0.020 grdn:0.404 lr:6.8e-05 updt_s:0.093 data_s:0.404
Training:  39%|███████████████████████████▏                                         | 11799/30000 [1:33:36<2:30:58,  2.01step/s]INFO 2026-07-2
8 16:22:27 ot_train.py:435 step:12K smpl:94K ep:185 epch:3.09 loss:0.021 grdn:0.394 lr:6.8e-05 updt_s:0.093 data_s:0.388
Training:  40%|███████████████████████████▎                                         | 11900/30000 [1:34:26<2:30:30,  2.00step/s]INFO 2026-07-2
8 16:23:16 ot_train.py:435 step:12K smpl:95K ep:187 epch:3.12 loss:0.022 grdn:0.413 lr:6.7e-05 updt_s:0.093 data_s:0.398
Training:  40%|███████████████████████████▌                                         | 12000/30000 [1:35:13<2:10:08,  2.31step/s]INFO 2026-07-2
8 16:24:04 ot_train.py:435 step:12K smpl:96K ep:189 epch:3.14 loss:0.022 grdn:0.411 lr:6.7e-05 updt_s:0.093 data_s:0.383
Training:  40%|███████████████████████████▊                                         | 12100/30000 [1:36:02<2:24:55,  2.06step/s]INFO 2026-07-2
8 16:24:52 ot_train.py:435 step:12K smpl:97K ep:190 epch:3.17 loss:0.021 grdn:0.410 lr:6.6e-05 updt_s:0.093 data_s:0.394
Training:  41%|████████████████████████████                                         | 12200/30000 [1:36:51<2:27:13,  2.01step/s]INFO 2026-07-2
8 16:25:42 ot_train.py:435 step:12K smpl:98K ep:192 epch:3.20 loss:0.020 grdn:0.396 lr:6.6e-05 updt_s:0.093 data_s:0.400
Training:  41%|████████████████████████████▎                                        | 12300/30000 [1:37:39<2:07:40,  2.31step/s]INFO 2026-07-2
8 16:26:29 ot_train.py:435 step:12K smpl:98K ep:193 epch:3.22 loss:0.019 grdn:0.373 lr:6.5e-05 updt_s:0.093 data_s:0.385
Training:  41%|████████████████████████████▌                                        | 12400/30000 [1:38:27<2:12:40,  2.21step/s]INFO 2026-07-2
8 16:27:17 ot_train.py:435 step:12K smpl:99K ep:195 epch:3.25 loss:0.021 grdn:0.398 lr:6.5e-05 updt_s:0.093 data_s:0.387
Training:  42%|████████████████████████████▊                                        | 12500/30000 [1:39:14<1:57:44,  2.48step/s]INFO 2026-07-2
8 16:28:04 ot_train.py:435 step:12K smpl:100K ep:196 epch:3.27 loss:0.020 grdn:0.386 lr:6.4e-05 updt_s:0.093 data_s:0.375
Training:  42%|████████████████████████████▉                                        | 12599/30000 [1:40:02<2:24:44,  2.00step/s]INFO 2026-07-2
8 16:28:52 ot_train.py:435 step:13K smpl:101K ep:198 epch:3.30 loss:0.021 grdn:0.383 lr:6.4e-05 updt_s:0.094 data_s:0.387
Training:  42%|█████████████████████████████▏                                       | 12700/30000 [1:40:51<2:31:57,  1.90step/s]INFO 2026-07-2
8 16:29:42 ot_train.py:435 step:13K smpl:102K ep:200 epch:3.33 loss:0.021 grdn:0.403 lr:6.3e-05 updt_s:0.093 data_s:0.399
Training:  43%|█████████████████████████████▍                                       | 12800/30000 [1:41:40<2:05:50,  2.28step/s]INFO 2026-07-2
8 16:30:30 ot_train.py:435 step:13K smpl:102K ep:201 epch:3.35 loss:0.020 grdn:0.394 lr:6.3e-05 updt_s:0.093 data_s:0.393
Training:  43%|█████████████████████████████▋                                       | 12900/30000 [1:42:28<2:14:24,  2.12step/s]INFO 2026-07-2
8 16:31:19 ot_train.py:435 step:13K smpl:103K ep:203 epch:3.38 loss:0.019 grdn:0.373 lr:6.2e-05 updt_s:0.093 data_s:0.389
Training:  43%|█████████████████████████████▉                                       | 13000/30000 [1:43:19<2:27:35,  1.92step/s]INFO 2026-07-2
8 16:32:09 ot_train.py:435 step:13K smpl:104K ep:204 epch:3.40 loss:0.019 grdn:0.371 lr:6.2e-05 updt_s:0.093 data_s:0.407
Training:  44%|██████████████████████████████▏                                      | 13099/30000 [1:44:08<2:19:33,  2.02step/s]INFO 2026-07-2
8 16:32:58 ot_train.py:435 step:13K smpl:105K ep:206 epch:3.43 loss:0.018 grdn:0.369 lr:6.1e-05 updt_s:0.093 data_s:0.402
Training:  44%|██████████████████████████████▎                                      | 13200/30000 [1:44:57<1:55:26,  2.43step/s]INFO 2026-07-2
8 16:33:47 ot_train.py:435 step:13K smpl:106K ep:207 epch:3.46 loss:0.020 grdn:0.365 lr:6.1e-05 updt_s:0.092 data_s:0.392
Training:  44%|██████████████████████████████▌                                      | 13300/30000 [1:45:46<2:05:25,  2.22step/s]INFO 2026-07-2
8 16:34:37 ot_train.py:435 step:13K smpl:106K ep:209 epch:3.48 loss:0.018 grdn:0.359 lr:6.0e-05 updt_s:0.092 data_s:0.405
Training:  45%|██████████████████████████████▊                                      | 13400/30000 [1:46:34<2:21:06,  1.96step/s]INFO 2026-07-2
8 16:35:24 ot_train.py:435 step:13K smpl:107K ep:211 epch:3.51 loss:0.020 grdn:0.380 lr:6.0e-05 updt_s:0.093 data_s:0.382
Training:  45%|███████████████████████████████                                      | 13500/30000 [1:47:24<2:04:26,  2.21step/s]INFO 2026-07-2
8 16:36:14 ot_train.py:435 step:14K smpl:108K ep:212 epch:3.54 loss:0.018 grdn:0.352 lr:5.9e-05 updt_s:0.093 data_s:0.405
Training:  45%|███████████████████████████████▎                                     | 13600/30000 [1:48:13<2:19:37,  1.96step/s]INFO 2026-07-2
8 16:37:04 ot_train.py:435 step:14K smpl:109K ep:214 epch:3.56 loss:0.019 grdn:0.375 lr:5.9e-05 updt_s:0.094 data_s:0.399
Training:  46%|███████████████████████████████▌                                     | 13700/30000 [1:49:03<1:48:57,  2.49step/s]INFO 2026-07-2
8 16:37:53 ot_train.py:435 step:14K smpl:110K ep:215 epch:3.59 loss:0.020 grdn:0.373 lr:5.8e-05 updt_s:0.094 data_s:0.402
Training:  46%|███████████████████████████████▋                                     | 13799/30000 [1:49:53<2:19:53,  1.93step/s]INFO 2026-07-2
8 16:38:44 ot_train.py:435 step:14K smpl:110K ep:217 epch:3.61 loss:0.017 grdn:0.359 lr:5.8e-05 updt_s:0.093 data_s:0.409
Training:  46%|███████████████████████████████▉                                     | 13899/30000 [1:50:41<2:08:00,  2.10step/s]INFO 2026-07-2
8 16:39:32 ot_train.py:435 step:14K smpl:111K ep:218 epch:3.64 loss:0.020 grdn:0.370 lr:5.7e-05 updt_s:0.093 data_s:0.390
Training:  47%|████████████████████████████████▏                                    | 13999/30000 [1:51:30<2:06:50,  2.10step/s]INFO 2026-07-2
8 16:40:20 ot_train.py:435 step:14K smpl:112K ep:220 epch:3.67 loss:0.017 grdn:0.358 lr:5.7e-05 updt_s:0.093 data_s:0.392
Training:  47%|████████████████████████████████▍                                    | 14099/30000 [1:52:18<2:28:00,  1.79step/s]INFO 2026-07-2
8 16:41:09 ot_train.py:435 step:14K smpl:113K ep:222 epch:3.69 loss:0.018 grdn:0.363 lr:5.6e-05 updt_s:0.094 data_s:0.390
Training:  47%|████████████████████████████████▋                                    | 14199/30000 [1:53:08<2:14:03,  1.96step/s]INFO 2026-07-2
8 16:41:58 ot_train.py:435 step:14K smpl:114K ep:223 epch:3.72 loss:0.017 grdn:0.357 lr:5.6e-05 updt_s:0.093 data_s:0.402
Training:  48%|████████████████████████████████▉                                    | 14300/30000 [1:53:57<1:54:38,  2.28step/s]INFO 2026-07-2
8 16:42:47 ot_train.py:435 step:14K smpl:114K ep:225 epch:3.75 loss:0.018 grdn:0.364 lr:5.5e-05 updt_s:0.093 data_s:0.390
Training:  48%|█████████████████████████████████                                    | 14400/30000 [1:54:45<2:06:04,  2.06step/s]INFO 2026-07-2
8 16:43:35 ot_train.py:435 step:14K smpl:115K ep:226 epch:3.77 loss:0.017 grdn:0.339 lr:5.5e-05 updt_s:0.094 data_s:0.386
Training:  48%|█████████████████████████████████▎                                   | 14500/30000 [1:55:34<1:50:15,  2.34step/s]INFO 2026-07-2
8 16:44:24 ot_train.py:435 step:14K smpl:116K ep:228 epch:3.80 loss:0.016 grdn:0.358 lr:5.4e-05 updt_s:0.093 data_s:0.398
Training:  49%|█████████████████████████████████▌                                   | 14599/30000 [1:56:24<1:56:11,  2.21step/s]INFO 2026-07-2
8 16:45:15 ot_train.py:435 step:15K smpl:117K ep:229 epch:3.82 loss:0.018 grdn:0.348 lr:5.4e-05 updt_s:0.093 data_s:0.413
Training:  49%|█████████████████████████████████▊                                   | 14700/30000 [1:57:14<2:27:29,  1.73step/s]INFO 2026-07-2
8 16:46:05 ot_train.py:435 step:15K smpl:118K ep:231 epch:3.85 loss:0.018 grdn:0.355 lr:5.3e-05 updt_s:0.093 data_s:0.405
Training:  49%|██████████████████████████████████                                   | 14800/30000 [1:58:03<2:24:40,  1.75step/s]INFO 2026-07-2
8 16:46:53 ot_train.py:435 step:15K smpl:118K ep:233 epch:3.88 loss:0.017 grdn:0.337 lr:5.3e-05 updt_s:0.093 data_s:0.393
Training:  50%|██████████████████████████████████▎                                  | 14900/30000 [1:58:52<1:56:04,  2.17step/s]INFO 2026-07-2
8 16:47:43 ot_train.py:435 step:15K smpl:119K ep:234 epch:3.90 loss:0.018 grdn:0.358 lr:5.2e-05 updt_s:0.093 data_s:0.400
Training:  50%|██████████████████████████████████▌                                  | 15000/30000 [1:59:41<1:59:16,  2.10step/s]INFO 2026-07-2
8 16:48:31 ot_train.py:435 step:15K smpl:120K ep:236 epch:3.93 loss:0.017 grdn:0.348 lr:5.2e-05 updt_s:0.093 data_s:0.392
INFO 2026-07-28 16:48:31 ot_train.py:455 Checkpoint policy after step 15000
Training:  50%|██████████████████████████████████▋                                  | 15100/30000 [2:00:30<1:49:05,  2.28step/s]INFO 2026-07-2
8 16:49:20 ot_train.py:435 step:15K smpl:121K ep:237 epch:3.95 loss:0.018 grdn:0.347 lr:5.1e-05 updt_s:0.092 data_s:0.385
Training:  51%|██████████████████████████████████▉                                  | 15200/30000 [2:01:18<1:56:54,  2.11step/s]INFO 2026-07-2
8 16:50:09 ot_train.py:435 step:15K smpl:122K ep:239 epch:3.98 loss:0.017 grdn:0.350 lr:5.0e-05 updt_s:0.093 data_s:0.391
Training:  51%|███████████████████████████████████▏                                 | 15276/30000 [2:01:55<1:25:19,  2.88step/s]/home/ugrp43/m
iniconda3/envs/ugrp/lib/python3.10/site-packages/torchvision/io/_video_deprecation_warning.py:5: UserWarning: The video decoding and encoding
capabilities of torchvision are deprecated from version 0.22 and will be removed in version 0.24. We recommend that you migrate to TorchCodec,
 where we'll consolidate the future decoding/encoding capabilities of PyTorch: https://github.com/pytorch/torchcodec
  warnings.warn(
/home/ugrp43/miniconda3/envs/ugrp/lib/python3.10/site-packages/torchvision/io/_video_deprecation_warning.py:5: UserWarning: The video decoding
 and encoding capabilities of torchvision are deprecated from version 0.22 and will be removed in version 0.24. We recommend that you migrate
to TorchCodec, where we'll consolidate the future decoding/encoding capabilities of PyTorch: https://github.com/pytorch/torchcodec
  warnings.warn(
Training:  51%|███████████████████████████████████▏                                 | 15300/30000 [2:02:09<2:14:08,  1.83step/s]INFO 2026-07-2
8 16:50:59 ot_train.py:435 step:15K smpl:122K ep:240 epch:4.01 loss:0.016 grdn:0.351 lr:5.0e-05 updt_s:0.093 data_s:0.409
Training:  51%|███████████████████████████████████▍                                 | 15399/30000 [2:02:56<2:06:45,  1.92step/s]INFO 2026-07-2
8 16:51:47 ot_train.py:435 step:15K smpl:123K ep:242 epch:4.03 loss:0.016 grdn:0.314 lr:4.9e-05 updt_s:0.093 data_s:0.385
Training:  52%|███████████████████████████████████▋                                 | 15500/30000 [2:03:44<1:55:27,  2.09step/s]INFO 2026-07-2
8 16:52:35 ot_train.py:435 step:16K smpl:124K ep:244 epch:4.06 loss:0.017 grdn:0.353 lr:4.9e-05 updt_s:0.093 data_s:0.385
Training:  52%|███████████████████████████████████▉                                 | 15599/30000 [2:04:33<2:02:10,  1.96step/s]INFO 2026-07-2
8 16:53:23 ot_train.py:435 step:16K smpl:125K ep:245 epch:4.09 loss:0.017 grdn:0.322 lr:4.8e-05 updt_s:0.094 data_s:0.391
Training:  52%|████████████████████████████████████                                 | 15699/30000 [2:05:23<1:55:36,  2.06step/s]INFO 2026-07-2
8 16:54:14 ot_train.py:435 step:16K smpl:126K ep:247 epch:4.11 loss:0.017 grdn:0.330 lr:4.8e-05 updt_s:0.093 data_s:0.411
Training:  53%|████████████████████████████████████▎                                | 15799/30000 [2:06:11<2:15:15,  1.75step/s]INFO 2026-07-2
8 16:55:01 ot_train.py:435 step:16K smpl:126K ep:248 epch:4.14 loss:0.016 grdn:0.352 lr:4.7e-05 updt_s:0.093 data_s:0.380
Training:  53%|████████████████████████████████████▌                                | 15899/30000 [2:06:59<1:50:07,  2.13step/s]INFO 2026-07-2
8 16:55:50 ot_train.py:435 step:16K smpl:127K ep:250 epch:4.16 loss:0.016 grdn:0.326 lr:4.7e-05 updt_s:0.093 data_s:0.393
Training:  53%|████████████████████████████████████▊                                | 15999/30000 [2:07:48<2:11:57,  1.77step/s]INFO 2026-07-2
8 16:56:39 ot_train.py:435 step:16K smpl:128K ep:251 epch:4.19 loss:0.015 grdn:0.321 lr:4.6e-05 updt_s:0.093 data_s:0.396
Training:  54%|█████████████████████████████████████                                | 16100/30000 [2:08:37<1:58:14,  1.96step/s]INFO 2026-07-2
8 16:57:27 ot_train.py:435 step:16K smpl:129K ep:253 epch:4.22 loss:0.016 grdn:0.333 lr:4.6e-05 updt_s:0.093 data_s:0.389
Training:  54%|█████████████████████████████████████▎                               | 16199/30000 [2:09:26<2:00:59,  1.90step/s]INFO 2026-07-2
8 16:58:17 ot_train.py:435 step:16K smpl:130K ep:255 epch:4.24 loss:0.015 grdn:0.311 lr:4.5e-05 updt_s:0.093 data_s:0.405
Training:  54%|█████████████████████████████████████▍                               | 16299/30000 [2:10:16<1:56:24,  1.96step/s]INFO 2026-07-2
8 16:59:06 ot_train.py:435 step:16K smpl:130K ep:256 epch:4.27 loss:0.016 grdn:0.327 lr:4.5e-05 updt_s:0.092 data_s:0.401
Training:  55%|█████████████████████████████████████▋                               | 16400/30000 [2:11:05<1:55:37,  1.96step/s]INFO 2026-07-2
8 16:59:55 ot_train.py:435 step:16K smpl:131K ep:258 epch:4.30 loss:0.015 grdn:0.315 lr:4.4e-05 updt_s:0.093 data_s:0.392
Training:  55%|█████████████████████████████████████▉                               | 16500/30000 [2:11:53<2:12:29,  1.70step/s]INFO 2026-07-2
8 17:00:44 ot_train.py:435 step:16K smpl:132K ep:259 epch:4.32 loss:0.016 grdn:0.325 lr:4.4e-05 updt_s:0.093 data_s:0.394
Training:  55%|██████████████████████████████████████▏                              | 16599/30000 [2:12:42<1:45:19,  2.12step/s]INFO 2026-07-2
8 17:01:32 ot_train.py:435 step:17K smpl:133K ep:261 epch:4.35 loss:0.017 grdn:0.322 lr:4.3e-05 updt_s:0.093 data_s:0.391
Training:  56%|██████████████████████████████████████▍                              | 16699/30000 [2:13:32<1:46:00,  2.09step/s]INFO 2026-07-2
8 17:02:22 ot_train.py:435 step:17K smpl:134K ep:262 epch:4.37 loss:0.016 grdn:0.318 lr:4.3e-05 updt_s:0.093 data_s:0.408
Training:  56%|██████████████████████████████████████▋                              | 16800/30000 [2:14:20<1:48:50,  2.02step/s]INFO 2026-07-2
8 17:03:11 ot_train.py:435 step:17K smpl:134K ep:264 epch:4.40 loss:0.016 grdn:0.313 lr:4.2e-05 updt_s:0.093 data_s:0.390
Training:  56%|██████████████████████████████████████▊                              | 16900/30000 [2:15:08<1:43:59,  2.10step/s]INFO 2026-07-2
8 17:03:58 ot_train.py:435 step:17K smpl:135K ep:266 epch:4.43 loss:0.016 grdn:0.310 lr:4.2e-05 updt_s:0.093 data_s:0.382
Training:  57%|███████████████████████████████████████                              | 16999/30000 [2:15:56<2:01:15,  1.79step/s]INFO 2026-07-2
8 17:04:46 ot_train.py:435 step:17K smpl:136K ep:267 epch:4.45 loss:0.016 grdn:0.327 lr:4.1e-05 updt_s:0.093 data_s:0.387
Training:  57%|███████████████████████████████████████▎                             | 17100/30000 [2:16:47<2:15:25,  1.59step/s]INFO 2026-07-2
8 17:05:37 ot_train.py:435 step:17K smpl:137K ep:269 epch:4.48 loss:0.016 grdn:0.326 lr:4.1e-05 updt_s:0.093 data_s:0.412
Training:  57%|███████████████████████████████████████▌                             | 17200/30000 [2:17:36<1:38:10,  2.17step/s]INFO 2026-07-2
8 17:06:27 ot_train.py:435 step:17K smpl:138K ep:270 epch:4.50 loss:0.015 grdn:0.313 lr:4.0e-05 updt_s:0.093 data_s:0.402
Training:  58%|███████████████████████████████████████▊                             | 17300/30000 [2:18:25<1:41:09,  2.09step/s]INFO 2026-07-2
8 17:07:15 ot_train.py:435 step:17K smpl:138K ep:272 epch:4.53 loss:0.014 grdn:0.286 lr:4.0e-05 updt_s:0.093 data_s:0.396
Training:  58%|████████████████████████████████████████                             | 17400/30000 [2:19:13<1:42:30,  2.05step/s]INFO 2026-07-2
8 17:08:04 ot_train.py:435 step:17K smpl:139K ep:273 epch:4.56 loss:0.016 grdn:0.326 lr:3.9e-05 updt_s:0.093 data_s:0.390
Training:  58%|████████████████████████████████████████▎                            | 17500/30000 [2:20:04<1:50:01,  1.89step/s]INFO 2026-07-2
8 17:08:54 ot_train.py:435 step:18K smpl:140K ep:275 epch:4.58 loss:0.016 grdn:0.322 lr:3.9e-05 updt_s:0.093 data_s:0.412
Training:  59%|████████████████████████████████████████▍                            | 17600/30000 [2:20:52<1:44:00,  1.99step/s]INFO 2026-07-2
8 17:09:43 ot_train.py:435 step:18K smpl:141K ep:277 epch:4.61 loss:0.015 grdn:0.302 lr:3.8e-05 updt_s:0.092 data_s:0.389
Training:  59%|████████████████████████████████████████▋                            | 17699/30000 [2:21:41<2:02:09,  1.68step/s]INFO 2026-07-2
8 17:10:31 ot_train.py:435 step:18K smpl:142K ep:278 epch:4.64 loss:0.014 grdn:0.288 lr:3.8e-05 updt_s:0.092 data_s:0.391
Training:  59%|████████████████████████████████████████▉                            | 17800/30000 [2:22:31<1:42:34,  1.98step/s]INFO 2026-07-2
8 17:11:22 ot_train.py:435 step:18K smpl:142K ep:280 epch:4.66 loss:0.014 grdn:0.304 lr:3.7e-05 updt_s:0.093 data_s:0.411
Training:  60%|█████████████████████████████████████████▏                           | 17900/30000 [2:23:20<1:46:38,  1.89step/s]INFO 2026-07-2
8 17:12:11 ot_train.py:435 step:18K smpl:143K ep:281 epch:4.69 loss:0.015 grdn:0.297 lr:3.7e-05 updt_s:0.093 data_s:0.399
Training:  60%|█████████████████████████████████████████▍                           | 18000/30000 [2:24:09<1:40:28,  1.99step/s]INFO 2026-07-2
8 17:12:59 ot_train.py:435 step:18K smpl:144K ep:283 epch:4.71 loss:0.015 grdn:0.297 lr:3.6e-05 updt_s:0.093 data_s:0.390
Training:  60%|█████████████████████████████████████████▋                           | 18099/30000 [2:24:56<1:40:09,  1.98step/s]INFO 2026-07-2
8 17:13:46 ot_train.py:435 step:18K smpl:145K ep:284 epch:4.74 loss:0.014 grdn:0.297 lr:3.6e-05 updt_s:0.093 data_s:0.376
Training:  61%|█████████████████████████████████████████▊                           | 18199/30000 [2:25:44<1:34:22,  2.08step/s]INFO 2026-07-2
8 17:14:35 ot_train.py:435 step:18K smpl:146K ep:286 epch:4.77 loss:0.014 grdn:0.294 lr:3.5e-05 updt_s:0.093 data_s:0.393
Training:  61%|██████████████████████████████████████████                           | 18300/30000 [2:26:33<1:28:09,  2.21step/s]INFO 2026-07-2
8 17:15:24 ot_train.py:435 step:18K smpl:146K ep:288 epch:4.79 loss:0.016 grdn:0.318 lr:3.5e-05 updt_s:0.093 data_s:0.396
Training:  61%|██████████████████████████████████████████▎                          | 18399/30000 [2:27:22<1:42:45,  1.88step/s]INFO 2026-07-2
8 17:16:12 ot_train.py:435 step:18K smpl:147K ep:289 epch:4.82 loss:0.014 grdn:0.296 lr:3.4e-05 updt_s:0.093 data_s:0.393
Training:  62%|██████████████████████████████████████████▌                          | 18499/30000 [2:28:10<1:35:05,  2.02step/s]INFO 2026-07-2
8 17:17:01 ot_train.py:435 step:18K smpl:148K ep:291 epch:4.85 loss:0.014 grdn:0.294 lr:3.4e-05 updt_s:0.093 data_s:0.389
Training:  62%|██████████████████████████████████████████▊                          | 18600/30000 [2:28:59<1:38:46,  1.92step/s]INFO 2026-07-2
8 17:17:50 ot_train.py:435 step:19K smpl:149K ep:292 epch:4.87 loss:0.014 grdn:0.288 lr:3.4e-05 updt_s:0.093 data_s:0.397
Training:  62%|███████████████████████████████████████████                          | 18700/30000 [2:29:48<1:29:39,  2.10step/s]INFO 2026-07-2
8 17:18:39 ot_train.py:435 step:19K smpl:150K ep:294 epch:4.90 loss:0.013 grdn:0.313 lr:3.3e-05 updt_s:0.093 data_s:0.396
Training:  63%|███████████████████████████████████████████▏                         | 18800/30000 [2:30:36<1:25:31,  2.18step/s]INFO 2026-07-2
8 17:19:26 ot_train.py:435 step:19K smpl:150K ep:295 epch:4.92 loss:0.014 grdn:0.295 lr:3.3e-05 updt_s:0.093 data_s:0.382
Training:  63%|███████████████████████████████████████████▍                         | 18900/30000 [2:31:26<1:30:01,  2.06step/s]INFO 2026-07-2
8 17:20:16 ot_train.py:435 step:19K smpl:151K ep:297 epch:4.95 loss:0.013 grdn:0.274 lr:3.2e-05 updt_s:0.093 data_s:0.408
Training:  63%|███████████████████████████████████████████▋                         | 19000/30000 [2:32:14<1:20:13,  2.29step/s]INFO 2026-07-2
8 17:21:04 ot_train.py:435 step:19K smpl:152K ep:299 epch:4.98 loss:0.014 grdn:0.283 lr:3.2e-05 updt_s:0.093 data_s:0.386
Training:  64%|███████████████████████████████████████████▉                         | 19095/30000 [2:33:00<1:01:53,  2.94step/s]/home/ugrp43/m
iniconda3/envs/ugrp/lib/python3.10/site-packages/torchvision/io/_video_deprecation_warning.py:5: UserWarning: The video decoding and encoding
capabilities of torchvision are deprecated from version 0.22 and will be removed in version 0.24. We recommend that you migrate to TorchCodec,
 where we'll consolidate the future decoding/encoding capabilities of PyTorch: https://github.com/pytorch/torchcodec
  warnings.warn(
/home/ugrp43/miniconda3/envs/ugrp/lib/python3.10/site-packages/torchvision/io/_video_deprecation_warning.py:5: UserWarning: The video decoding
 and encoding capabilities of torchvision are deprecated from version 0.22 and will be removed in version 0.24. We recommend that you migrate
to TorchCodec, where we'll consolidate the future decoding/encoding capabilities of PyTorch: https://github.com/pytorch/torchcodec
  warnings.warn(
Training:  64%|███████████████████████████████████████████▉                         | 19099/30000 [2:33:03<1:48:11,  1.68step/s]INFO 2026-07-2
8 17:21:53 ot_train.py:435 step:19K smpl:153K ep:300 epch:5.00 loss:0.013 grdn:0.275 lr:3.1e-05 updt_s:0.093 data_s:0.394
Training:  64%|████████████████████████████████████████████▏                        | 19199/30000 [2:33:51<1:21:46,  2.20step/s]INFO 2026-07-2
8 17:22:42 ot_train.py:435 step:19K smpl:154K ep:302 epch:5.03 loss:0.014 grdn:0.282 lr:3.1e-05 updt_s:0.093 data_s:0.393
Training:  64%|████████████████████████████████████████████▍                        | 19300/30000 [2:34:40<1:20:12,  2.22step/s]INFO 2026-07-2
8 17:23:30 ot_train.py:435 step:19K smpl:154K ep:303 epch:5.05 loss:0.014 grdn:0.288 lr:3.0e-05 updt_s:0.093 data_s:0.390
Training:  65%|████████████████████████████████████████████▌                        | 19400/30000 [2:35:32<1:36:18,  1.83step/s]INFO 2026-07-2
8 17:24:22 ot_train.py:435 step:19K smpl:155K ep:305 epch:5.08 loss:0.014 grdn:0.293 lr:3.0e-05 updt_s:0.093 data_s:0.429
Training:  65%|████████████████████████████████████████████▊                        | 19500/30000 [2:36:21<1:18:12,  2.24step/s]INFO 2026-07-2
8 17:25:11 ot_train.py:435 step:20K smpl:156K ep:306 epch:5.11 loss:0.014 grdn:0.276 lr:2.9e-05 updt_s:0.094 data_s:0.396
Training:  65%|█████████████████████████████████████████████                        | 19599/30000 [2:37:09<1:28:11,  1.97step/s]INFO 2026-07-2
8 17:25:59 ot_train.py:435 step:20K smpl:157K ep:308 epch:5.13 loss:0.014 grdn:0.282 lr:2.9e-05 updt_s:0.094 data_s:0.386
Training:  66%|█████████████████████████████████████████████▎                       | 19699/30000 [2:37:59<1:26:20,  1.99step/s]INFO 2026-07-2
8 17:26:50 ot_train.py:435 step:20K smpl:158K ep:310 epch:5.16 loss:0.015 grdn:0.292 lr:2.8e-05 updt_s:0.093 data_s:0.408
Training:  66%|█████████████████████████████████████████████▌                       | 19800/30000 [2:38:47<1:06:50,  2.54step/s]INFO 2026-07-2
8 17:27:37 ot_train.py:435 step:20K smpl:158K ep:311 epch:5.19 loss:0.013 grdn:0.268 lr:2.8e-05 updt_s:0.093 data_s:0.383
Training:  66%|█████████████████████████████████████████████▊                       | 19900/30000 [2:39:36<1:29:10,  1.89step/s]INFO 2026-07-2
8 17:28:27 ot_train.py:435 step:20K smpl:159K ep:313 epch:5.21 loss:0.013 grdn:0.269 lr:2.8e-05 updt_s:0.093 data_s:0.399
Training:  67%|██████████████████████████████████████████████                       | 20000/30000 [2:40:25<1:18:57,  2.11step/s]INFO 2026-07-2
8 17:29:16 ot_train.py:435 step:20K smpl:160K ep:314 epch:5.24 loss:0.014 grdn:0.277 lr:2.7e-05 updt_s:0.093 data_s:0.397
INFO 2026-07-28 17:29:16 ot_train.py:455 Checkpoint policy after step 20000
Training:  67%|██████████████████████████████████████████████▏                      | 20100/30000 [2:41:14<1:29:02,  1.85step/s]INFO 2026-07-2
8 17:30:04 ot_train.py:435 step:20K smpl:161K ep:316 epch:5.26 loss:0.014 grdn:0.281 lr:2.7e-05 updt_s:0.094 data_s:0.377
Training:  67%|██████████████████████████████████████████████▎                      | 20138/30000 [2:41:33<1:26:43,  1.90step/s]^Training:  67
%|██████████████████████████████████████████████▎                      | 20142/30000 [2:41:34<1:13:58,  2.22step/s]^Training:  67%|███████████
███████████████████████████████████▎                      | 20144/30000 [2:41:35<1:16:05,  2.16step/s]^Training:  67%|████████████████████████
██████████████████████▍                      | 20200/30000 [2:42:03<1:39:47,  1.64step/s]INFO 2026-07-28 17:30:53 ot_train.py:435 step:20K smp
l:162K ep:317 epch:5.29 loss:0.013 grdn:0.268 lr:2.6e-05 updt_s:0.094 data_s:0.393
Training:  68%|██████████████████████████████████████████████▋                      | 20300/30000 [2:42:51<1:24:13,  1.92step/s]INFO 2026-07-2
8 17:31:41 ot_train.py:435 step:20K smpl:162K ep:319 epch:5.32 loss:0.013 grdn:0.267 lr:2.6e-05 updt_s:0.094 data_s:0.390
Training:  68%|██████████████████████████████████████████████▉                      | 20400/30000 [2:43:39<1:03:39,  2.51step/s]INFO 2026-07-2
8 17:32:30 ot_train.py:435 step:20K smpl:163K ep:321 epch:5.34 loss:0.013 grdn:0.260 lr:2.5e-05 updt_s:0.095 data_s:0.387
Training:  68%|███████████████████████████████████████████████▏                     | 20499/30000 [2:44:28<1:20:45,  1.96step/s]INFO 2026-07-2
8 17:33:19 ot_train.py:435 step:20K smpl:164K ep:322 epch:5.37 loss:0.014 grdn:0.296 lr:2.5e-05 updt_s:0.093 data_s:0.397
Training:  69%|███████████████████████████████████████████████▍                     | 20599/30000 [2:45:19<1:17:13,  2.03step/s]INFO 2026-07-2
8 17:34:09 ot_train.py:435 step:21K smpl:165K ep:324 epch:5.40 loss:0.013 grdn:0.271 lr:2.4e-05 updt_s:0.093 data_s:0.409
Training:  69%|███████████████████████████████████████████████▌                     | 20700/30000 [2:46:06<1:14:38,  2.08step/s]INFO 2026-07-2
8 17:34:57 ot_train.py:435 step:21K smpl:166K ep:325 epch:5.42 loss:0.013 grdn:0.262 lr:2.4e-05 updt_s:0.093 data_s:0.383
Training:  69%|███████████████████████████████████████████████▊                     | 20799/30000 [2:46:56<1:16:51,  2.00step/s]INFO 2026-07-2
8 17:35:47 ot_train.py:435 step:21K smpl:166K ep:327 epch:5.45 loss:0.013 grdn:0.270 lr:2.4e-05 updt_s:0.094 data_s:0.407
Training:  70%|████████████████████████████████████████████████                     | 20900/30000 [2:47:46<1:23:34,  1.81step/s]INFO 2026-07-2
8 17:36:37 ot_train.py:435 step:21K smpl:167K ep:328 epch:5.47 loss:0.014 grdn:0.275 lr:2.3e-05 updt_s:0.094 data_s:0.405
Training:  70%|████████████████████████████████████████████████▎                    | 21000/30000 [2:48:36<1:26:50,  1.73step/s]INFO 2026-07-2
8 17:37:27 ot_train.py:435 step:21K smpl:168K ep:330 epch:5.50 loss:0.013 grdn:0.265 lr:2.3e-05 updt_s:0.094 data_s:0.406
Training:  70%|████████████████████████████████████████████████▌                    | 21100/30000 [2:49:25<1:20:55,  1.83step/s]INFO 2026-07-2
8 17:38:16 ot_train.py:435 step:21K smpl:169K ep:332 epch:5.53 loss:0.013 grdn:0.264 lr:2.2e-05 updt_s:0.093 data_s:0.395
Training:  71%|████████████████████████████████████████████████▊                    | 21199/30000 [2:50:14<1:18:47,  1.86step/s]INFO 2026-07-2
8 17:39:05 ot_train.py:435 step:21K smpl:170K ep:333 epch:5.55 loss:0.012 grdn:0.256 lr:2.2e-05 updt_s:0.093 data_s:0.396
Training:  71%|████████████████████████████████████████████████▉                    | 21300/30000 [2:51:03<1:14:53,  1.94step/s]INFO 2026-07-2
8 17:39:53 ot_train.py:435 step:21K smpl:170K ep:335 epch:5.58 loss:0.014 grdn:0.267 lr:2.2e-05 updt_s:0.094 data_s:0.391
Training:  71%|█████████████████████████████████████████████████▏                   | 21400/30000 [2:51:51<1:08:39,  2.09step/s]INFO 2026-07-2
8 17:40:42 ot_train.py:435 step:21K smpl:171K ep:336 epch:5.60 loss:0.014 grdn:0.277 lr:2.1e-05 updt_s:0.093 data_s:0.391
Training:  72%|█████████████████████████████████████████████████▍                   | 21499/30000 [2:52:40<1:06:39,  2.13step/s]INFO 2026-07-2
8 17:41:30 ot_train.py:435 step:22K smpl:172K ep:338 epch:5.63 loss:0.013 grdn:0.264 lr:2.1e-05 updt_s:0.093 data_s:0.392
Training:  72%|█████████████████████████████████████████████████▋                   | 21599/30000 [2:53:29<1:05:34,  2.14step/s]INFO 2026-07-2
8 17:42:19 ot_train.py:435 step:22K smpl:173K ep:339 epch:5.66 loss:0.012 grdn:0.264 lr:2.0e-05 updt_s:0.093 data_s:0.394
Training:  72%|█████████████████████████████████████████████████▉                   | 21699/30000 [2:54:16<1:14:18,  1.86step/s]INFO 2026-07-2
8 17:43:07 ot_train.py:435 step:22K smpl:174K ep:341 epch:5.68 loss:0.013 grdn:0.258 lr:2.0e-05 updt_s:0.093 data_s:0.383
Training:  73%|██████████████████████████████████████████████████▏                  | 21800/30000 [2:55:05<1:03:55,  2.14step/s]INFO 2026-07-2
8 17:43:56 ot_train.py:435 step:22K smpl:174K ep:343 epch:5.71 loss:0.012 grdn:0.256 lr:2.0e-05 updt_s:0.093 data_s:0.396
Training:  73%|██████████████████████████████████████████████████▎                  | 21900/30000 [2:55:54<1:13:38,  1.83step/s]INFO 2026-07-2
8 17:44:44 ot_train.py:435 step:22K smpl:175K ep:344 epch:5.74 loss:0.012 grdn:0.239 lr:1.9e-05 updt_s:0.093 data_s:0.390
Training:  73%|██████████████████████████████████████████████████▌                  | 22000/30000 [2:56:43<1:03:39,  2.09step/s]INFO 2026-07-2
8 17:45:33 ot_train.py:435 step:22K smpl:176K ep:346 epch:5.76 loss:0.013 grdn:0.257 lr:1.9e-05 updt_s:0.093 data_s:0.399
Training:  74%|██████████████████████████████████████████████████▊                  | 22100/30000 [2:57:31<1:02:35,  2.10step/s]INFO 2026-07-2
8 17:46:21 ot_train.py:435 step:22K smpl:177K ep:347 epch:5.79 loss:0.012 grdn:0.257 lr:1.8e-05 updt_s:0.093 data_s:0.384
Training:  74%|███████████████████████████████████████████████████                  | 22200/30000 [2:58:20<1:07:33,  1.92step/s]INFO 2026-07-2
8 17:47:10 ot_train.py:435 step:22K smpl:178K ep:349 epch:5.81 loss:0.013 grdn:0.262 lr:1.8e-05 updt_s:0.093 data_s:0.399
Training:  74%|███████████████████████████████████████████████████▎                 | 22299/30000 [2:59:07<1:04:20,  1.99step/s]INFO 2026-07-2
8 17:47:58 ot_train.py:435 step:22K smpl:178K ep:350 epch:5.84 loss:0.012 grdn:0.246 lr:1.8e-05 updt_s:0.093 data_s:0.380
Training:  75%|█████████████████████████████████████████████████████                  | 22400/30000 [2:59:56<49:41,  2.55step/s]INFO 2026-07-2
8 17:48:47 ot_train.py:435 step:22K smpl:179K ep:352 epch:5.87 loss:0.013 grdn:0.249 lr:1.7e-05 updt_s:0.093 data_s:0.393
Training:  75%|█████████████████████████████████████████████████████▎                 | 22500/30000 [3:00:46<46:29,  2.69step/s]INFO 2026-07-2
8 17:49:36 ot_train.py:435 step:22K smpl:180K ep:354 epch:5.89 loss:0.012 grdn:0.244 lr:1.7e-05 updt_s:0.093 data_s:0.400
Training:  75%|█████████████████████████████████████████████████████▍                 | 22600/30000 [3:01:36<58:11,  2.12step/s]INFO 2026-07-2
8 17:50:27 ot_train.py:435 step:23K smpl:181K ep:355 epch:5.92 loss:0.013 grdn:0.253 lr:1.7e-05 updt_s:0.094 data_s:0.413
Training:  76%|█████████████████████████████████████████████████████▋                 | 22699/30000 [3:02:25<54:42,  2.22step/s]INFO 2026-07-2
8 17:51:15 ot_train.py:435 step:23K smpl:182K ep:357 epch:5.95 loss:0.013 grdn:0.264 lr:1.6e-05 updt_s:0.093 data_s:0.389
Training:  76%|█████████████████████████████████████████████████████▉                 | 22800/30000 [3:03:13<54:06,  2.22step/s]INFO 2026-07-2
8 17:52:03 ot_train.py:435 step:23K smpl:182K ep:358 epch:5.97 loss:0.011 grdn:0.240 lr:1.6e-05 updt_s:0.093 data_s:0.389
Training:  76%|██████████████████████████████████████████████████████▏                | 22900/30000 [3:04:02<49:38,  2.38step/s]INFO 2026-07-2
8 17:52:52 ot_train.py:435 step:23K smpl:183K ep:360 epch:6.00 loss:0.013 grdn:0.260 lr:1.6e-05 updt_s:0.093 data_s:0.398
Training:  76%|██████████████████████████████████████████████████████▏                | 22914/30000 [3:04:08<38:57,  3.03step/s]/home/ugrp43/m
iniconda3/envs/ugrp/lib/python3.10/site-packages/torchvision/io/_video_deprecation_warning.py:5: UserWarning: The video decoding and encoding
capabilities of torchvision are deprecated from version 0.22 and will be removed in version 0.24. We recommend that you migrate to TorchCodec,
 where we'll consolidate the future decoding/encoding capabilities of PyTorch: https://github.com/pytorch/torchcodec
  warnings.warn(
/home/ugrp43/miniconda3/envs/ugrp/lib/python3.10/site-packages/torchvision/io/_video_deprecation_warning.py:5: UserWarning: The video decoding
 and encoding capabilities of torchvision are deprecated from version 0.22 and will be removed in version 0.24. We recommend that you migrate
to TorchCodec, where we'll consolidate the future decoding/encoding capabilities of PyTorch: https://github.com/pytorch/torchcodec
  warnings.warn(
Training:  77%|██████████████████████████████████████████████████████▍                | 22999/30000 [3:04:49<53:50,  2.17step/s]INFO 2026-07-2
8 17:53:40 ot_train.py:435 step:23K smpl:184K ep:361 epch:6.02 loss:0.011 grdn:0.237 lr:1.5e-05 updt_s:0.093 data_s:0.380
Training:  77%|██████████████████████████████████████████████████████▋                | 23099/30000 [3:05:37<57:32,  2.00step/s]INFO 2026-07-2
8 17:54:27 ot_train.py:435 step:23K smpl:185K ep:363 epch:6.05 loss:0.013 grdn:0.256 lr:1.5e-05 updt_s:0.093 data_s:0.382
Training:  77%|██████████████████████████████████████████████████████▉                | 23199/30000 [3:06:24<55:44,  2.03step/s]INFO 2026-07-2
8 17:55:15 ot_train.py:435 step:23K smpl:186K ep:365 epch:6.08 loss:0.012 grdn:0.241 lr:1.5e-05 updt_s:0.092 data_s:0.381
Training:  78%|███████████████████████████████████████████████████████▏               | 23299/30000 [3:07:13<52:56,  2.11step/s]INFO 2026-07-2
8 17:56:03 ot_train.py:435 step:23K smpl:186K ep:366 epch:6.10 loss:0.013 grdn:0.255 lr:1.4e-05 updt_s:0.093 data_s:0.391
Training:  78%|███████████████████████████████████████████████████████▍               | 23399/30000 [3:08:02<51:12,  2.15step/s]INFO 2026-07-2
8 17:56:52 ot_train.py:435 step:23K smpl:187K ep:368 epch:6.13 loss:0.012 grdn:0.240 lr:1.4e-05 updt_s:0.092 data_s:0.399
Training:  78%|███████████████████████████████████████████████████████▌               | 23499/30000 [3:08:49<57:54,  1.87step/s]INFO 2026-07-2
8 17:57:40 ot_train.py:435 step:24K smpl:188K ep:369 epch:6.15 loss:0.013 grdn:0.246 lr:1.4e-05 updt_s:0.092 data_s:0.383
Training:  79%|███████████████████████████████████████████████████████▊               | 23599/30000 [3:09:37<49:40,  2.15step/s]INFO 2026-07-2
8 17:58:27 ot_train.py:435 step:24K smpl:189K ep:371 epch:6.18 loss:0.012 grdn:0.227 lr:1.3e-05 updt_s:0.093 data_s:0.379
Training:  79%|████████████████████████████████████████████████████████               | 23699/30000 [3:10:26<50:16,  2.09step/s]INFO 2026-07-2
8 17:59:16 ot_train.py:435 step:24K smpl:190K ep:372 epch:6.21 loss:0.013 grdn:0.249 lr:1.3e-05 updt_s:0.093 data_s:0.397
Training:  79%|████████████████████████████████████████████████████████▎              | 23800/30000 [3:11:15<43:10,  2.39step/s]INFO 2026-07-2
8 18:00:05 ot_train.py:435 step:24K smpl:190K ep:374 epch:6.23 loss:0.012 grdn:0.238 lr:1.3e-05 updt_s:0.093 data_s:0.396
Training:  80%|████████████████████████████████████████████████████████▌              | 23899/30000 [3:12:03<48:33,  2.09step/s]INFO 2026-07-2
8 18:00:53 ot_train.py:435 step:24K smpl:191K ep:376 epch:6.26 loss:0.011 grdn:0.228 lr:1.2e-05 updt_s:0.093 data_s:0.388
Training:  80%|████████████████████████████████████████████████████████▊              | 23999/30000 [3:12:53<46:57,  2.13step/s]INFO 2026-07-2
8 18:01:43 ot_train.py:435 step:24K smpl:192K ep:377 epch:6.29 loss:0.013 grdn:0.250 lr:1.2e-05 updt_s:0.092 data_s:0.408
Training:  80%|█████████████████████████████████████████████████████████              | 24099/30000 [3:13:42<45:19,  2.17step/s]INFO 2026-07-2
8 18:02:32 ot_train.py:435 step:24K smpl:193K ep:379 epch:6.31 loss:0.011 grdn:0.236 lr:1.2e-05 updt_s:0.092 data_s:0.396
Training:  81%|█████████████████████████████████████████████████████████▎             | 24199/30000 [3:14:30<49:32,  1.95step/s]INFO 2026-07-2
8 18:03:20 ot_train.py:435 step:24K smpl:194K ep:380 epch:6.34 loss:0.011 grdn:0.233 lr:1.1e-05 updt_s:0.092 data_s:0.392
Training:  81%|█████████████████████████████████████████████████████████▌             | 24299/30000 [3:15:18<42:42,  2.23step/s]INFO 2026-07-2
8 18:04:08 ot_train.py:435 step:24K smpl:194K ep:382 epch:6.36 loss:0.012 grdn:0.236 lr:1.1e-05 updt_s:0.092 data_s:0.382
Training:  81%|█████████████████████████████████████████████████████████▋             | 24400/30000 [3:16:05<40:39,  2.30step/s]INFO 2026-07-2
8 18:04:55 ot_train.py:435 step:24K smpl:195K ep:383 epch:6.39 loss:0.012 grdn:0.245 lr:1.1e-05 updt_s:0.092 data_s:0.382
Training:  82%|█████████████████████████████████████████████████████████▉             | 24499/30000 [3:16:54<47:35,  1.93step/s]INFO 2026-07-2
8 18:05:45 ot_train.py:435 step:24K smpl:196K ep:385 epch:6.42 loss:0.012 grdn:0.233 lr:1.1e-05 updt_s:0.092 data_s:0.398
Training:  82%|██████████████████████████████████████████████████████████▏            | 24599/30000 [3:17:42<44:32,  2.02step/s]INFO 2026-07-2
8 18:06:32 ot_train.py:435 step:25K smpl:197K ep:387 epch:6.44 loss:0.012 grdn:0.247 lr:1.0e-05 updt_s:0.093 data_s:0.386
Training:  82%|██████████████████████████████████████████████████████████▍            | 24699/30000 [3:18:31<42:33,  2.08step/s]INFO 2026-07-2
8 18:07:21 ot_train.py:435 step:25K smpl:198K ep:388 epch:6.47 loss:0.012 grdn:0.241 lr:1.0e-05 updt_s:0.092 data_s:0.396
Training:  83%|██████████████████████████████████████████████████████████▋            | 24799/30000 [3:19:22<41:28,  2.09step/s]INFO 2026-07-2
8 18:08:12 ot_train.py:435 step:25K smpl:198K ep:390 epch:6.50 loss:0.011 grdn:0.225 lr:9.7e-06 updt_s:0.092 data_s:0.414
Training:  83%|██████████████████████████████████████████████████████████▉            | 24899/30000 [3:20:11<37:49,  2.25step/s]INFO 2026-07-2
8 18:09:01 ot_train.py:435 step:25K smpl:199K ep:391 epch:6.52 loss:0.011 grdn:0.227 lr:9.4e-06 updt_s:0.093 data_s:0.397
Training:  83%|███████████████████████████████████████████████████████████▏           | 24999/30000 [3:20:58<38:32,  2.16step/s]INFO 2026-07-2
8 18:09:48 ot_train.py:435 step:25K smpl:200K ep:393 epch:6.55 loss:0.011 grdn:0.233 lr:9.2e-06 updt_s:0.093 data_s:0.381
INFO 2026-07-28 18:09:48 ot_train.py:455 Checkpoint policy after step 25000
Training:  84%|███████████████████████████████████████████████████████████▍           | 25099/30000 [3:21:48<41:40,  1.96step/s]INFO 2026-07-2
8 18:10:39 ot_train.py:435 step:25K smpl:201K ep:394 epch:6.57 loss:0.012 grdn:0.236 lr:8.9e-06 updt_s:0.092 data_s:0.396
Training:  84%|███████████████████████████████████████████████████████████▋           | 25199/30000 [3:22:37<38:28,  2.08step/s]INFO 2026-07-2
8 18:11:27 ot_train.py:435 step:25K smpl:202K ep:396 epch:6.60 loss:0.012 grdn:0.239 lr:8.7e-06 updt_s:0.093 data_s:0.392
Training:  84%|███████████████████████████████████████████████████████████▊           | 25299/30000 [3:23:24<37:47,  2.07step/s]INFO 2026-07-2
8 18:12:15 ot_train.py:435 step:25K smpl:202K ep:398 epch:6.63 loss:0.013 grdn:0.238 lr:8.4e-06 updt_s:0.093 data_s:0.384
Training:  85%|████████████████████████████████████████████████████████████           | 25399/30000 [3:24:12<33:32,  2.29step/s]INFO 2026-07-2
8 18:13:03 ot_train.py:435 step:25K smpl:203K ep:399 epch:6.65 loss:0.011 grdn:0.229 lr:8.2e-06 updt_s:0.092 data_s:0.385
Training:  85%|████████████████████████████████████████████████████████████▎          | 25499/30000 [3:25:02<36:53,  2.03step/s]INFO 2026-07-2
8 18:13:52 ot_train.py:435 step:26K smpl:204K ep:401 epch:6.68 loss:0.012 grdn:0.223 lr:7.9e-06 updt_s:0.092 data_s:0.400
Training:  85%|████████████████████████████████████████████████████████████▌          | 25599/30000 [3:25:49<35:51,  2.05step/s]INFO 2026-07-2
8 18:14:39 ot_train.py:435 step:26K smpl:205K ep:402 epch:6.70 loss:0.012 grdn:0.229 lr:7.7e-06 updt_s:0.092 data_s:0.382
Training:  86%|████████████████████████████████████████████████████████████▊          | 25699/30000 [3:26:37<34:45,  2.06step/s]INFO 2026-07-2
8 18:15:28 ot_train.py:435 step:26K smpl:206K ep:404 epch:6.73 loss:0.012 grdn:0.223 lr:7.5e-06 updt_s:0.092 data_s:0.388
Training:  86%|█████████████████████████████████████████████████████████████          | 25799/30000 [3:27:27<38:48,  1.80step/s]INFO 2026-07-2
8 18:16:17 ot_train.py:435 step:26K smpl:206K ep:405 epch:6.76 loss:0.010 grdn:0.218 lr:7.2e-06 updt_s:0.092 data_s:0.403
Training:  86%|█████████████████████████████████████████████████████████████▎         | 25899/30000 [3:28:15<32:31,  2.10step/s]INFO 2026-07-2
8 18:17:06 ot_train.py:435 step:26K smpl:207K ep:407 epch:6.78 loss:0.012 grdn:0.230 lr:7.0e-06 updt_s:0.092 data_s:0.393
Training:  87%|█████████████████████████████████████████████████████████████▌         | 25999/30000 [3:29:03<30:08,  2.21step/s]INFO 2026-07-2
8 18:17:54 ot_train.py:435 step:26K smpl:208K ep:409 epch:6.81 loss:0.011 grdn:0.220 lr:6.8e-06 updt_s:0.093 data_s:0.386
Training:  87%|█████████████████████████████████████████████████████████████▊         | 26099/30000 [3:29:51<34:22,  1.89step/s]INFO 2026-07-2
8 18:18:42 ot_train.py:435 step:26K smpl:209K ep:410 epch:6.84 loss:0.013 grdn:0.245 lr:6.6e-06 updt_s:0.092 data_s:0.388
Training:  87%|██████████████████████████████████████████████████████████████         | 26199/30000 [3:30:42<31:53,  1.99step/s]INFO 2026-07-2
8 18:19:32 ot_train.py:435 step:26K smpl:210K ep:412 epch:6.86 loss:0.012 grdn:0.226 lr:6.4e-06 updt_s:0.092 data_s:0.413
Training:  88%|██████████████████████████████████████████████████████████████▏        | 26299/30000 [3:31:30<28:31,  2.16step/s]INFO 2026-07-2
8 18:20:21 ot_train.py:435 step:26K smpl:210K ep:413 epch:6.89 loss:0.011 grdn:0.231 lr:6.2e-06 updt_s:0.092 data_s:0.389
Training:  88%|██████████████████████████████████████████████████████████████▍        | 26399/30000 [3:32:16<31:19,  1.92step/s]INFO 2026-07-2
8 18:21:06 ot_train.py:435 step:26K smpl:211K ep:415 epch:6.91 loss:0.013 grdn:0.235 lr:6.0e-06 updt_s:0.092 data_s:0.363
Training:  88%|██████████████████████████████████████████████████████████████▋        | 26499/30000 [3:33:05<30:53,  1.89step/s]INFO 2026-07-2
8 18:21:55 ot_train.py:435 step:26K smpl:212K ep:416 epch:6.94 loss:0.012 grdn:0.229 lr:5.8e-06 updt_s:0.092 data_s:0.396
Training:  89%|██████████████████████████████████████████████████████████████▉        | 26599/30000 [3:33:52<27:59,  2.03step/s]INFO 2026-07-2
8 18:22:42 ot_train.py:435 step:27K smpl:213K ep:418 epch:6.97 loss:0.013 grdn:0.237 lr:5.6e-06 updt_s:0.093 data_s:0.378
Training:  89%|███████████████████████████████████████████████████████████████▏       | 26699/30000 [3:34:41<26:33,  2.07step/s]INFO 2026-07-2
8 18:23:31 ot_train.py:435 step:27K smpl:214K ep:420 epch:6.99 loss:0.012 grdn:0.227 lr:5.5e-06 updt_s:0.093 data_s:0.396
Training:  89%|███████████████████████████████████████████████████████████████▎       | 26733/30000 [3:34:56<19:38,  2.77step/s]/home/ugrp43/m
iniconda3/envs/ugrp/lib/python3.10/site-packages/torchvision/io/_video_deprecation_warning.py:5: UserWarning: The video decoding and encoding
capabilities of torchvision are deprecated from version 0.22 and will be removed in version 0.24. We recommend that you migrate to TorchCodec,
 where we'll consolidate the future decoding/encoding capabilities of PyTorch: https://github.com/pytorch/torchcodec
  warnings.warn(
/home/ugrp43/miniconda3/envs/ugrp/lib/python3.10/site-packages/torchvision/io/_video_deprecation_warning.py:5: UserWarning: The video decoding
 and encoding capabilities of torchvision are deprecated from version 0.22 and will be removed in version 0.24. We recommend that you migrate
to TorchCodec, where we'll consolidate the future decoding/encoding capabilities of PyTorch: https://github.com/pytorch/torchcodec
  warnings.warn(
Training:  89%|███████████████████████████████████████████████████████████████▍       | 26800/30000 [3:35:31<27:31,  1.94step/s]INFO 2026-07-2
8 18:24:21 ot_train.py:435 step:27K smpl:214K ep:421 epch:7.02 loss:0.011 grdn:0.214 lr:5.3e-06 updt_s:0.092 data_s:0.404
Training:  90%|███████████████████████████████████████████████████████████████▋       | 26899/30000 [3:36:17<25:39,  2.01step/s]INFO 2026-07-2
8 18:25:08 ot_train.py:435 step:27K smpl:215K ep:423 epch:7.05 loss:0.011 grdn:0.219 lr:5.1e-06 updt_s:0.093 data_s:0.376
Training:  90%|███████████████████████████████████████████████████████████████▉       | 26999/30000 [3:37:08<26:41,  1.87step/s]INFO 2026-07-2
8 18:25:59 ot_train.py:435 step:27K smpl:216K ep:424 epch:7.07 loss:0.011 grdn:0.221 lr:5.0e-06 updt_s:0.093 data_s:0.416
Training:  90%|████████████████████████████████████████████████████████████████▏      | 27100/30000 [3:37:57<23:57,  2.02step/s]INFO 2026-07-2
8 18:26:48 ot_train.py:435 step:27K smpl:217K ep:426 epch:7.10 loss:0.012 grdn:0.223 lr:4.8e-06 updt_s:0.093 data_s:0.395
Training:  91%|████████████████████████████████████████████████████████████████▎      | 27199/30000 [3:38:45<22:32,  2.07step/s]INFO 2026-07-2
8 18:27:36 ot_train.py:435 step:27K smpl:218K ep:427 epch:7.12 loss:0.011 grdn:0.216 lr:4.7e-06 updt_s:0.093 data_s:0.387
Training:  91%|████████████████████████████████████████████████████████████████▌      | 27300/30000 [3:39:34<21:37,  2.08step/s]INFO 2026-07-2
8 18:28:24 ot_train.py:435 step:27K smpl:218K ep:429 epch:7.15 loss:0.012 grdn:0.222 lr:4.5e-06 updt_s:0.093 data_s:0.387
Training:  91%|████████████████████████████████████████████████████████████████▊      | 27399/30000 [3:40:21<21:14,  2.04step/s]INFO 2026-07-2
8 18:29:12 ot_train.py:435 step:27K smpl:219K ep:431 epch:7.18 loss:0.011 grdn:0.213 lr:4.4e-06 updt_s:0.093 data_s:0.384
Training:  92%|█████████████████████████████████████████████████████████████████      | 27500/30000 [3:41:11<20:17,  2.05step/s]INFO 2026-07-2
8 18:30:01 ot_train.py:435 step:28K smpl:220K ep:432 epch:7.20 loss:0.012 grdn:0.223 lr:4.2e-06 updt_s:0.093 data_s:0.404
Training:  92%|█████████████████████████████████████████████████████████████████▎     | 27600/30000 [3:42:00<22:23,  1.79step/s]INFO 2026-07-2
8 18:30:50 ot_train.py:435 step:28K smpl:221K ep:434 epch:7.23 loss:0.012 grdn:0.224 lr:4.1e-06 updt_s:0.093 data_s:0.394
Training:  92%|█████████████████████████████████████████████████████████████████▌     | 27700/30000 [3:42:49<17:43,  2.16step/s]INFO 2026-07-2
8 18:31:40 ot_train.py:435 step:28K smpl:222K ep:435 epch:7.25 loss:0.012 grdn:0.223 lr:4.0e-06 updt_s:0.093 data_s:0.402
Training:  93%|█████████████████████████████████████████████████████████████████▊     | 27800/30000 [3:43:39<18:14,  2.01step/s]INFO 2026-07-2
8 18:32:29 ot_train.py:435 step:28K smpl:222K ep:437 epch:7.28 loss:0.012 grdn:0.228 lr:3.8e-06 updt_s:0.094 data_s:0.398
Training:  93%|██████████████████████████████████████████████████████████████████     | 27900/30000 [3:44:27<19:23,  1.80step/s]INFO 2026-07-2
8 18:33:17 ot_train.py:435 step:28K smpl:223K ep:438 epch:7.31 loss:0.011 grdn:0.221 lr:3.7e-06 updt_s:0.093 data_s:0.387
Training:  93%|██████████████████████████████████████████████████████████████████▎    | 27999/30000 [3:45:15<15:17,  2.18step/s]INFO 2026-07-2
8 18:34:05 ot_train.py:435 step:28K smpl:224K ep:440 epch:7.33 loss:0.012 grdn:0.220 lr:3.6e-06 updt_s:0.093 data_s:0.390
Training:  94%|██████████████████████████████████████████████████████████████████▌    | 28100/30000 [3:46:03<13:19,  2.38step/s]INFO 2026-07-2
8 18:34:54 ot_train.py:435 step:28K smpl:225K ep:442 epch:7.36 loss:0.013 grdn:0.238 lr:3.5e-06 updt_s:0.093 data_s:0.390
Training:  94%|██████████████████████████████████████████████████████████████████▋    | 28199/30000 [3:46:52<15:06,  1.99step/s]INFO 2026-07-2
8 18:35:42 ot_train.py:435 step:28K smpl:226K ep:443 epch:7.39 loss:0.012 grdn:0.225 lr:3.4e-06 updt_s:0.093 data_s:0.391
Training:  94%|██████████████████████████████████████████████████████████████████▉    | 28299/30000 [3:47:43<15:40,  1.81step/s]INFO 2026-07-2
8 18:36:33 ot_train.py:435 step:28K smpl:226K ep:445 epch:7.41 loss:0.011 grdn:0.207 lr:3.3e-06 updt_s:0.093 data_s:0.415
Training:  95%|███████████████████████████████████████████████████████████████████▏   | 28400/30000 [3:48:33<14:18,  1.86step/s]INFO 2026-07-2
8 18:37:23 ot_train.py:435 step:28K smpl:227K ep:446 epch:7.44 loss:0.011 grdn:0.217 lr:3.2e-06 updt_s:0.093 data_s:0.409
Training:  95%|███████████████████████████████████████████████████████████████████▍   | 28499/30000 [3:49:21<11:28,  2.18step/s]INFO 2026-07-2
8 18:38:11 ot_train.py:435 step:28K smpl:228K ep:448 epch:7.46 loss:0.011 grdn:0.210 lr:3.1e-06 updt_s:0.093 data_s:0.387
Training:  95%|███████████████████████████████████████████████████████████████████▋   | 28600/30000 [3:50:08<09:22,  2.49step/s]INFO 2026-07-2
8 18:38:59 ot_train.py:435 step:29K smpl:229K ep:449 epch:7.49 loss:0.012 grdn:0.226 lr:3.1e-06 updt_s:0.093 data_s:0.379
Training:  96%|███████████████████████████████████████████████████████████████████▉   | 28700/30000 [3:50:58<10:54,  1.99step/s]INFO 2026-07-2
8 18:39:48 ot_train.py:435 step:29K smpl:230K ep:451 epch:7.52 loss:0.011 grdn:0.211 lr:3.0e-06 updt_s:0.093 data_s:0.398
Training:  96%|████████████████████████████████████████████████████████████████████▏  | 28799/30000 [3:51:47<09:29,  2.11step/s]INFO 2026-07-2
8 18:40:38 ot_train.py:435 step:29K smpl:230K ep:453 epch:7.54 loss:0.012 grdn:0.219 lr:2.9e-06 updt_s:0.093 data_s:0.406
Training:  96%|████████████████████████████████████████████████████████████████████▍  | 28900/30000 [3:52:37<08:44,  2.10step/s]INFO 2026-07-2
8 18:41:27 ot_train.py:435 step:29K smpl:231K ep:454 epch:7.57 loss:0.011 grdn:0.208 lr:2.9e-06 updt_s:0.093 data_s:0.398
Training:  97%|████████████████████████████████████████████████████████████████████▋  | 29000/30000 [3:53:26<09:00,  1.85step/s]INFO 2026-07-2
8 18:42:16 ot_train.py:435 step:29K smpl:232K ep:456 epch:7.60 loss:0.012 grdn:0.226 lr:2.8e-06 updt_s:0.093 data_s:0.396
Training:  97%|████████████████████████████████████████████████████████████████████▊  | 29100/30000 [3:54:13<07:49,  1.92step/s]INFO 2026-07-2
8 18:43:03 ot_train.py:435 step:29K smpl:233K ep:457 epch:7.62 loss:0.010 grdn:0.205 lr:2.7e-06 updt_s:0.093 data_s:0.376
Training:  97%|█████████████████████████████████████████████████████████████████████  | 29200/30000 [3:55:02<07:37,  1.75step/s]INFO 2026-07-2
8 18:43:52 ot_train.py:435 step:29K smpl:234K ep:459 epch:7.65 loss:0.011 grdn:0.217 lr:2.7e-06 updt_s:0.093 data_s:0.401
Training:  98%|█████████████████████████████████████████████████████████████████████▎ | 29300/30000 [3:55:52<05:54,  1.97step/s]INFO 2026-07-2
8 18:44:43 ot_train.py:435 step:29K smpl:234K ep:460 epch:7.67 loss:0.011 grdn:0.215 lr:2.7e-06 updt_s:0.093 data_s:0.408
Training:  98%|█████████████████████████████████████████████████████████████████████▌ | 29400/30000 [3:56:41<05:18,  1.88step/s]INFO 2026-07-2
8 18:45:31 ot_train.py:435 step:29K smpl:235K ep:462 epch:7.70 loss:0.012 grdn:0.221 lr:2.6e-06 updt_s:0.093 data_s:0.394
Training:  98%|█████████████████████████████████████████████████████████████████████▊ | 29500/30000 [3:57:29<03:34,  2.33step/s]INFO 2026-07-2
8 18:46:20 ot_train.py:435 step:30K smpl:236K ep:464 epch:7.73 loss:0.012 grdn:0.218 lr:2.6e-06 updt_s:0.093 data_s:0.389
Training:  99%|██████████████████████████████████████████████████████████████████████ | 29599/30000 [3:58:16<04:02,  1.65step/s]INFO 2026-07-2
8 18:47:07 ot_train.py:435 step:30K smpl:237K ep:465 epch:7.75 loss:0.012 grdn:0.218 lr:2.6e-06 updt_s:0.093 data_s:0.378
Training:  99%|██████████████████████████████████████████████████████████████████████▎| 29700/30000 [3:59:05<02:16,  2.20step/s]INFO 2026-07-2
8 18:47:55 ot_train.py:435 step:30K smpl:238K ep:467 epch:7.78 loss:0.011 grdn:0.222 lr:2.5e-06 updt_s:0.093 data_s:0.391
Training:  99%|██████████████████████████████████████████████████████████████████████▌| 29800/30000 [3:59:53<01:27,  2.29step/s]INFO 2026-07-2
8 18:48:43 ot_train.py:435 step:30K smpl:238K ep:468 epch:7.80 loss:0.011 grdn:0.225 lr:2.5e-06 updt_s:0.093 data_s:0.383
Training: 100%|██████████████████████████████████████████████████████████████████████▊| 29899/30000 [4:00:43<00:54,  1.84step/s]INFO 2026-07-2
8 18:49:33 ot_train.py:435 step:30K smpl:239K ep:470 epch:7.83 loss:0.011 grdn:0.217 lr:2.5e-06 updt_s:0.093 data_s:0.409
Training: 100%|██████████████████████████████████████████████████████████████████████▉| 29999/30000 [4:01:34<00:00,  1.95step/s]INFO 2026-07-2
8 18:50:24 ot_train.py:435 step:30K smpl:240K ep:471 epch:7.86 loss:0.011 grdn:0.216 lr:2.5e-06 updt_s:0.093 data_s:0.416
INFO 2026-07-28 18:50:24 ot_train.py:455 Checkpoint policy after step 30000
Training: 100%|███████████████████████████████████████████████████████████████████████| 30000/30000 [4:01:35<00:00,  2.07step/s]
INFO 2026-07-28 18:50:25 ot_train.py:529 End of training
